Component: ARM Compiler 5.05 update 1 (build 106) Tool: armlink [4d0efa]

==============================================================================

Section Cross References

    main.o(i.CreadTask) refers to port.o(i.vPortEnterCritical) for vPortEnterCritical
    main.o(i.CreadTask) refers to tasks.o(i.xTaskCreate) for xTaskCreate
    main.o(i.CreadTask) refers to port.o(i.vPortExitCritical) for vPortExitCritical
    main.o(i.CreadTask) refers to main.o(.data) for Task_DsiplayHandle
    main.o(i.CreadTask) refers to app_display.o(i.Task_Dsiplay) for Task_Dsiplay
    main.o(i.CreadTask) refers to app_display.o(i.Task_Led) for Task_Led
    main.o(i.CreadTask) refers to app_display.o(i.Task_Key) for Task_Key
    main.o(i.CreadTask) refers to app_display.o(i.Task_CreadFood) for Task_CreadFood
    main.o(i.CreadVar) refers to port.o(i.vPortEnterCritical) for vPortEnterCritical
    main.o(i.CreadVar) refers to event_groups.o(i.xEventGroupCreate) for xEventGroupCreate
    main.o(i.CreadVar) refers to event_groups.o(i.xEventGroupClearBits) for xEventGroupClearBits
    main.o(i.CreadVar) refers to event_groups.o(i.xEventGroupSetBits) for xEventGroupSetBits
    main.o(i.CreadVar) refers to queue.o(i.xQueueCreateCountingSemaphore) for xQueueCreateCountingSemaphore
    main.o(i.CreadVar) refers to port.o(i.vPortExitCritical) for vPortExitCritical
    main.o(i.CreadVar) refers to main.o(.data) for SnakeEvent
    main.o(i.main) refers to misc.o(i.NVIC_SetVectorTable) for NVIC_SetVectorTable
    main.o(i.main) refers to misc.o(i.NVIC_PriorityGroupConfig) for NVIC_PriorityGroupConfig
    main.o(i.main) refers to delay.o(i.delay_init) for delay_init
    main.o(i.main) refers to led.o(i.ledInit) for ledInit
    main.o(i.main) refers to bsp_key.o(i.bsp_InitKey) for bsp_InitKey
    main.o(i.main) refers to oled.o(i.oledInit) for oledInit
    main.o(i.main) refers to adc.o(i.Adc_Init) for Adc_Init
    main.o(i.main) refers to main.o(i.CreadTask) for CreadTask
    main.o(i.main) refers to main.o(i.CreadVar) for CreadVar
    main.o(i.main) refers to tasks.o(i.vTaskStartScheduler) for vTaskStartScheduler
    system_stm32f10x.o(i.SetSysClock) refers to system_stm32f10x.o(i.SetSysClockTo72) for SetSysClockTo72
    system_stm32f10x.o(i.SystemCoreClockUpdate) refers to system_stm32f10x.o(.data) for SystemCoreClock
    system_stm32f10x.o(i.SystemInit) refers to system_stm32f10x.o(i.SetSysClock) for SetSysClock
    delay.o(i.SysTick_Handler) refers to tasks.o(i.xTaskGetSchedulerState) for xTaskGetSchedulerState
    delay.o(i.SysTick_Handler) refers to port.o(i.xPortSysTickHandler) for xPortSysTickHandler
    delay.o(i.delay_init) refers to misc.o(i.SysTick_CLKSourceConfig) for SysTick_CLKSourceConfig
    delay.o(i.delay_init) refers to system_stm32f10x.o(.data) for SystemCoreClock
    delay.o(i.delay_init) refers to delay.o(.data) for fac_us
    delay.o(i.delay_ms) refers to tasks.o(i.xTaskGetSchedulerState) for xTaskGetSchedulerState
    delay.o(i.delay_ms) refers to tasks.o(i.vTaskDelay) for vTaskDelay
    delay.o(i.delay_ms) refers to delay.o(i.delay_us) for delay_us
    delay.o(i.delay_ms) refers to delay.o(.data) for fac_ms
    delay.o(i.delay_us) refers to delay.o(.data) for fac_us
    delay.o(i.delay_xms) refers to delay.o(i.delay_us) for delay_us
    app_joystick.o(i.JoyToDir) refers to adc.o(i.getAdcValue) for getAdcValue
    bsp_list.o(i.List_Add) refers to malloc.o(i.malloc) for malloc
    bsp_list.o(i.List_Delet) refers to malloc.o(i.free) for free
    bsp_list.o(i.List_Insert) refers to malloc.o(i.malloc) for malloc
    bsp_list.o(i.List_Insert) refers to malloc.o(i.free) for free
    app_game.o(i.Cread_Snake) refers to gui_basic.o(i.GUI_RectangleFill) for GUI_RectangleFill
    app_game.o(i.Cread_Snake) refers to app_game.o(i.Set_Map_Val) for Set_Map_Val
    app_game.o(i.Draw_Map_Wall) refers to gui_basic.o(i.GUI_Line) for GUI_Line
    app_game.o(i.Draw_Map_Wall) refers to app_game.o(i.Set_Map_Val) for Set_Map_Val
    app_game.o(i.Game_Init) refers to oled.o(i.oled_clear) for oled_clear
    app_game.o(i.Game_Init) refers to app_game.o(i.Set_Map_Val) for Set_Map_Val
    app_game.o(i.Game_Init) refers to app_game.o(i.Draw_Map_Wall) for Draw_Map_Wall
    app_game.o(i.Game_Init) refers to app_game.o(i.Cread_Snake) for Cread_Snake
    app_game.o(i.Game_Init) refers to oled.o(i.oled_refreshGram) for oled_refreshGram
    app_game.o(i.Get_Map_Val) refers to app_game.o(.bss) for GameMap
    app_game.o(i.Set_Map_Val) refers to app_game.o(.bss) for GameMap
    app_game.o(i.Snake_Run) refers to app_game.o(i.Get_Map_Val) for Get_Map_Val
    app_game.o(i.Snake_Run) refers to event_groups.o(i.xEventGroupSetBits) for xEventGroupSetBits
    app_game.o(i.Snake_Run) refers to event_groups.o(i.xEventGroupClearBits) for xEventGroupClearBits
    app_game.o(i.Snake_Run) refers to queue.o(i.xQueueGenericSend) for xQueueGenericSend
    app_game.o(i.Snake_Run) refers to queue.o(i.uxQueueMessagesWaiting) for uxQueueMessagesWaiting
[...]
    Removing stm32f10x_usart.o(i.USART_Init), (216 bytes).
    Removing stm32f10x_usart.o(i.USART_IrDACmd), (24 bytes).
    Removing stm32f10x_usart.o(i.USART_IrDAConfig), (18 bytes).
    Removing stm32f10x_usart.o(i.USART_LINBreakDetectLengthConfig), (18 bytes).
    Removing stm32f10x_usart.o(i.USART_LINCmd), (24 bytes).
    Removing stm32f10x_usart.o(i.USART_OneBitMethodCmd), (24 bytes).
    Removing stm32f10x_usart.o(i.USART_OverSampling8Cmd), (22 bytes).
    Removing stm32f10x_usart.o(i.USART_ReceiveData), (10 bytes).
    Removing stm32f10x_usart.o(i.USART_ReceiverWakeUpCmd), (24 bytes).
    Removing stm32f10x_usart.o(i.USART_SendBreak), (10 bytes).
    Removing stm32f10x_usart.o(i.USART_SendData), (8 bytes).
    Removing stm32f10x_usart.o(i.USART_SetAddress), (18 bytes).
    Removing stm32f10x_usart.o(i.USART_SetGuardTime), (16 bytes).
    Removing stm32f10x_usart.o(i.USART_SetPrescaler), (16 bytes).
    Removing stm32f10x_usart.o(i.USART_SmartCardCmd), (24 bytes).
    Removing stm32f10x_usart.o(i.USART_SmartCardNACKCmd), (24 bytes).
    Removing stm32f10x_usart.o(i.USART_StructInit), (24 bytes).
    Removing stm32f10x_usart.o(i.USART_WakeUpConfig), (18 bytes).
    Removing stm32f10x_adc.o(i.ADC_AnalogWatchdogCmd), (20 bytes).
    Removing stm32f10x_adc.o(i.ADC_AnalogWatchdogSingleChannelConfig), (16 bytes).
    Removing stm32f10x_adc.o(i.ADC_AnalogWatchdogThresholdsConfig), (6 bytes).
    Removing stm32f10x_adc.o(i.ADC_AutoInjectedConvCmd), (22 bytes).
    Removing stm32f10x_adc.o(i.ADC_ClearFlag), (6 bytes).
    Removing stm32f10x_adc.o(i.ADC_ClearITPendingBit), (10 bytes).
    Removing stm32f10x_adc.o(i.ADC_DiscModeChannelCountConfig), (24 bytes).
    Removing stm32f10x_adc.o(i.ADC_DiscModeCmd), (22 bytes).
    Removing stm32f10x_adc.o(i.ADC_ExternalTrigConvCmd), (22 bytes).
    Removing stm32f10x_adc.o(i.ADC_ExternalTrigInjectedConvCmd), (22 bytes).
    Removing stm32f10x_adc.o(i.ADC_ExternalTrigInjectedConvConfig), (16 bytes).
    Removing stm32f10x_adc.o(i.ADC_GetConversionValue), (8 bytes).
    Removing stm32f10x_adc.o(i.ADC_GetDualModeConversionValue), (12 bytes).
    Removing stm32f10x_adc.o(i.ADC_GetFlagStatus), (18 bytes).
    Removing stm32f10x_adc.o(i.ADC_GetITStatus), (36 bytes).
    Removing stm32f10x_adc.o(i.ADC_GetInjectedConversionValue), (28 bytes).
    Removing stm32f10x_adc.o(i.ADC_GetSoftwareStartConvStatus), (20 bytes).
    Removing stm32f10x_adc.o(i.ADC_GetSoftwareStartInjectedConvCmdStatus), (20 bytes).
    Removing stm32f10x_adc.o(i.ADC_ITConfig), (24 bytes).
    Removing stm32f10x_adc.o(i.ADC_InjectedChannelConfig), (130 bytes).
    Removing stm32f10x_adc.o(i.ADC_InjectedDiscModeCmd), (22 bytes).
    Removing stm32f10x_adc.o(i.ADC_InjectedSequencerLengthConfig), (24 bytes).
    Removing stm32f10x_adc.o(i.ADC_SetInjectedOffset), (20 bytes).
    Removing stm32f10x_adc.o(i.ADC_SoftwareStartInjectedConvCmd), (22 bytes).
    Removing stm32f10x_adc.o(i.ADC_StructInit), (18 bytes).
    Removing stm32f10x_adc.o(i.ADC_TempSensorVrefintCmd), (36 bytes).
    Removing stm32f10x_spi.o(i.I2S_Cmd), (24 bytes).
    Removing stm32f10x_spi.o(i.I2S_Init), (232 bytes).
    Removing stm32f10x_spi.o(i.I2S_StructInit), (20 bytes).
    Removing stm32f10x_spi.o(i.SPI_BiDirectionalLineConfig), (28 bytes).
    Removing stm32f10x_spi.o(i.SPI_CalculateCRC), (24 bytes).
    Removing stm32f10x_spi.o(i.SPI_DataSizeConfig), (18 bytes).
    Removing stm32f10x_spi.o(i.SPI_GetCRC), (16 bytes).
    Removing stm32f10x_spi.o(i.SPI_GetCRCPolynomial), (6 bytes).
    Removing stm32f10x_spi.o(i.SPI_I2S_ClearFlag), (6 bytes).
    Removing stm32f10x_spi.o(i.SPI_I2S_ClearITPendingBit), (20 bytes).
    Removing stm32f10x_spi.o(i.SPI_I2S_DMACmd), (18 bytes).
    Removing stm32f10x_spi.o(i.SPI_I2S_DeInit), (88 bytes).
    Removing stm32f10x_spi.o(i.SPI_I2S_GetITStatus), (52 bytes).
    Removing stm32f10x_spi.o(i.SPI_I2S_ITConfig), (32 bytes).
    Removing stm32f10x_spi.o(i.SPI_I2S_ReceiveData), (6 bytes).
    Removing stm32f10x_spi.o(i.SPI_NSSInternalSoftwareConfig), (30 bytes).
    Removing stm32f10x_spi.o(i.SPI_SSOutputCmd), (24 bytes).
    Removing stm32f10x_spi.o(i.SPI_StructInit), (24 bytes).
    Removing stm32f10x_spi.o(i.SPI_TransmitCRC), (10 bytes).
    Removing stm32f10x_exti.o(i.EXTI_ClearFlag), (12 bytes).
    Removing stm32f10x_exti.o(i.EXTI_ClearITPendingBit), (12 bytes).
    Removing stm32f10x_exti.o(i.EXTI_DeInit), (36 bytes).
    Removing stm32f10x_exti.o(i.EXTI_GenerateSWInterrupt), (16 bytes).
    Removing stm32f10x_exti.o(i.EXTI_GetFlagStatus), (24 bytes).
    Removing stm32f10x_exti.o(i.EXTI_GetITStatus), (40 bytes).
    Removing stm32f10x_exti.o(i.EXTI_Init), (148 bytes).
    Removing stm32f10x_exti.o(i.EXTI_StructInit), (16 bytes).
    Removing stm32f10x_dma.o(i.DMA_ClearFlag), (28 bytes).
    Removing stm32f10x_dma.o(i.DMA_ClearITPendingBit), (28 bytes).
    Removing stm32f10x_dma.o(i.DMA_GetCurrDataCounter), (8 bytes).
    Removing stm32f10x_dma.o(i.DMA_GetFlagStatus), (44 bytes).
    Removing stm32f10x_dma.o(i.DMA_GetITStatus), (44 bytes).
    Removing stm32f10x_dma.o(i.DMA_ITConfig), (18 bytes).
    Removing stm32f10x_dma.o(i.DMA_SetCurrDataCounter), (4 bytes).
    Removing stm32f10x_dma.o(i.DMA_StructInit), (26 bytes).
    Removing stm32f10x_flash.o(i.FLASH_ClearFlag), (12 bytes).
    Removing stm32f10x_flash.o(i.FLASH_EnableWriteProtection), (196 bytes).
    Removing stm32f10x_flash.o(i.FLASH_EraseAllBank1Pages), (72 bytes).
    Removing stm32f10x_flash.o(i.FLASH_EraseAllPages), (72 bytes).
    Removing stm32f10x_flash.o(i.FLASH_EraseOptionBytes), (168 bytes).
    Removing stm32f10x_flash.o(i.FLASH_ErasePage), (76 bytes).
    Removing stm32f10x_flash.o(i.FLASH_GetBank1Status), (52 bytes).
    Removing stm32f10x_flash.o(i.FLASH_GetFlagStatus), (48 bytes).
    Removing stm32f10x_flash.o(i.FLASH_GetPrefetchBufferStatus), (24 bytes).
    Removing stm32f10x_flash.o(i.FLASH_GetReadOutProtectionStatus), (24 bytes).
    Removing stm32f10x_flash.o(i.FLASH_GetStatus), (52 bytes).
    Removing stm32f10x_flash.o(i.FLASH_GetUserOptionByte), (12 bytes).
    Removing stm32f10x_flash.o(i.FLASH_GetWriteProtectionOptionByte), (12 bytes).
    Removing stm32f10x_flash.o(i.FLASH_HalfCycleAccessCmd), (28 bytes).
    Removing stm32f10x_flash.o(i.FLASH_ITConfig), (32 bytes).
    Removing stm32f10x_flash.o(i.FLASH_Lock), (20 bytes).
    Removing stm32f10x_flash.o(i.FLASH_LockBank1), (20 bytes).
    Removing stm32f10x_flash.o(i.FLASH_PrefetchBufferCmd), (28 bytes).
    Removing stm32f10x_flash.o(i.FLASH_ProgramHalfWord), (64 bytes).
    Removing stm32f10x_flash.o(i.FLASH_ProgramOptionByteData), (84 bytes).
    Removing stm32f10x_flash.o(i.FLASH_ProgramWord), (108 bytes).
    Removing stm32f10x_flash.o(i.FLASH_ReadOutProtection), (172 bytes).
    Removing stm32f10x_flash.o(i.FLASH_SetLatency), (24 bytes).
    Removing stm32f10x_flash.o(i.FLASH_Unlock), (24 bytes).
    Removing stm32f10x_flash.o(i.FLASH_UnlockBank1), (24 bytes).
    Removing stm32f10x_flash.o(i.FLASH_UserOptionByteConfig), (104 bytes).
    Removing stm32f10x_flash.o(i.FLASH_WaitForLastBank1Operation), (38 bytes).
    Removing stm32f10x_flash.o(i.FLASH_WaitForLastOperation), (38 bytes).
    Removing startup_stm32f10x_md.o(HEAP), (512 bytes).

291 unused section(s) (total 21072 bytes) removed from the image.

==============================================================================

Image Symbol Table

    Local Symbols

    Symbol Name                              Value     Ov Type        Size  Object(Section)

    ../clib/microlib/init/entry.s            0x00000000   Number         0  entry10b.o ABSOLUTE
    ../clib/microlib/init/entry.s            0x00000000   Number         0  entry11b.o ABSOLUTE
    ../clib/microlib/init/entry.s            0x00000000   Number         0  entry11a.o ABSOLUTE
    ../clib/microlib/init/entry.s            0x00000000   Number         0  entry5.o ABSOLUTE
    ../clib/microlib/init/entry.s            0x00000000   Number         0  entry2.o ABSOLUTE
    ../clib/microlib/init/entry.s            0x00000000   Number         0  entry7b.o ABSOLUTE
    ../clib/microlib/init/entry.s            0x00000000   Number         0  entry7a.o ABSOLUTE
    ../clib/microlib/init/entry.s            0x00000000   Number         0  entry10a.o ABSOLUTE
    ../clib/microlib/init/entry.s            0x00000000   Number         0  entry9a.o ABSOLUTE
    ../clib/microlib/init/entry.s            0x00000000   Number         0  entry.o ABSOLUTE
    ../clib/microlib/init/entry.s            0x00000000   Number         0  entry8b.o ABSOLUTE
    ../clib/microlib/init/entry.s            0x00000000   Number         0  entry9b.o ABSOLUTE
    ../clib/microlib/init/entry.s            0x00000000   Number         0  entry8a.o ABSOLUTE
    ../clib/microlib/malloc/malloc.c         0x00000000   Number         0  mallocra.o ABSOLUTE
    ../clib/microlib/malloc/malloc.c         0x00000000   Number         0  mallocr.o ABSOLUTE
    ../clib/microlib/malloc/malloc.c         0x00000000   Number         0  malloc.o ABSOLUTE
    ../clib/microlib/malloc/malloc.c         0x00000000   Number         0  malloca.o ABSOLUTE
    ../clib/microlib/malloc/mvars.c          0x00000000   Number         0  mvars.o ABSOLUTE
    ../clib/microlib/string/memcpy.c         0x00000000   Number         0  memcpya.o ABSOLUTE
    ../clib/microlib/string/memcpy.c         0x00000000   Number         0  memcpyb.o ABSOLUTE
    ../clib/microlib/string/memset.c         0x00000000   Number         0  memseta.o ABSOLUTE
    ../clib/microlib/string/strlen.c         0x00000000   Number         0  strlen.o ABSOLUTE
    ..\COMMON\src\debug_assert.c             0x00000000   Number         0  debug_assert.o ABSOLUTE
    ..\COMMON\src\freeRTOSdebug.c            0x00000000   Number         0  freertosdebug.o ABSOLUTE
    ..\COMMUNICATE\src\APP_Game.c            0x00000000   Number         0  app_game.o ABSOLUTE
    ..\COMMUNICATE\src\APP_JoyStick.c        0x00000000   Number         0  app_joystick.o ABSOLUTE
    ..\COMMUNICATE\src\BSP_List.c            0x00000000   Number         0  bsp_list.o ABSOLUTE
    ..\CORE\startup_stm32f10x_md.s           0x00000000   Number         0  startup_stm32f10x_md.o ABSOLUTE
    ..\FreeRTOS\croutine.c                   0x00000000   Number         0  croutine.o ABSOLUTE
    ..\FreeRTOS\event_groups.c               0x00000000   Number         0  event_groups.o ABSOLUTE
    ..\FreeRTOS\list.c                       0x00000000   Number         0  list.o ABSOLUTE
    ..\FreeRTOS\portable\MemMang\heap_4.c    0x00000000   Number         0  heap_4.o ABSOLUTE
    ..\FreeRTOS\portable\RVDS\ARM_CM3\port.c 0x00000000   Number         0  port.o ABSOLUTE
    ..\FreeRTOS\queue.c                      0x00000000   Number         0  queue.o ABSOLUTE
    ..\FreeRTOS\tasks.c                      0x00000000   Number         0  tasks.o ABSOLUTE
    ..\FreeRTOS\timers.c                     0x00000000   Number         0  timers.o ABSOLUTE
    ..\GUI_APP\src\APP_Display.c             0x00000000   Number         0  app_display.o ABSOLUTE
    ..\GUI_DRV\src\button.c                  0x00000000   Number         0  button.o ABSOLUTE
    ..\GUI_DRV\src\font.c                    0x00000000   Number         0  font.o ABSOLUTE
    ..\GUI_DRV\src\gui_basic.c               0x00000000   Number         0  gui_basic.o ABSOLUTE
    ..\GUI_DRV\src\gui_menu.c                0x00000000   Number         0  gui_menu.o ABSOLUTE
    ..\GUI_DRV\src\lcmdrv.c                  0x00000000   Number         0  lcmdrv.o ABSOLUTE
    ..\GUI_DRV\src\messagebox.c              0x00000000   Number         0  messagebox.o ABSOLUTE
    ..\GUI_DRV\src\scrollbar.c               0x00000000   Number         0  scrollbar.o ABSOLUTE
    ..\GUI_DRV\src\text.c                    0x00000000   Number         0  text.o ABSOLUTE
    ..\GUI_DRV\src\windows.c                 0x00000000   Number         0  windows.o ABSOLUTE
    ..\HARDWARE\src\adc.c                    0x00000000   Number         0  adc.o ABSOLUTE
    ..\HARDWARE\src\bsp_key.c                0x00000000   Number         0  bsp_key.o ABSOLUTE
    ..\HARDWARE\src\key.c                    0x00000000   Number         0  key.o ABSOLUTE
    ..\HARDWARE\src\led.c                    0x00000000   Number         0  led.o ABSOLUTE
    ..\HARDWARE\src\oled.c                   0x00000000   Number         0  oled.o ABSOLUTE
    ..\STM32F10x_FWLib\src\misc.c            0x00000000   Number         0  misc.o ABSOLUTE
    ..\STM32F10x_FWLib\src\stm32f10x_adc.c   0x00000000   Number         0  stm32f10x_adc.o ABSOLUTE
    ..\STM32F10x_FWLib\src\stm32f10x_dma.c   0x00000000   Number         0  stm32f10x_dma.o ABSOLUTE
    ..\STM32F10x_FWLib\src\stm32f10x_exti.c  0x00000000   Number         0  stm32f10x_exti.o ABSOLUTE
    ..\STM32F10x_FWLib\src\stm32f10x_flash.c 0x00000000   Number         0  stm32f10x_flash.o ABSOLUTE
    ..\STM32F10x_FWLib\src\stm32f10x_gpio.c  0x00000000   Number         0  stm32f10x_gpio.o ABSOLUTE
    ..\STM32F10x_FWLib\src\stm32f10x_rcc.c   0x00000000   Number         0  stm32f10x_rcc.o ABSOLUTE
    ..\STM32F10x_FWLib\src\stm32f10x_spi.c   0x00000000   Number         0  stm32f10x_spi.o ABSOLUTE
    ..\STM32F10x_FWLib\src\stm32f10x_usart.c 0x00000000   Number         0  stm32f10x_usart.o ABSOLUTE
    ..\SYSTEM\delay\delay.c                  0x00000000   Number         0  delay.o ABSOLUTE
    ..\SYSTEM\sys\sys.c                      0x00000000   Number         0  sys.o ABSOLUTE
    ..\\FreeRTOS\\portable\\RVDS\\ARM_CM3\\port.c 0x00000000   Number         0  port.o ABSOLUTE
    ..\\SYSTEM\\sys\\sys.c                   0x00000000   Number         0  sys.o ABSOLUTE
    dc.s                                     0x00000000   Number         0  dc.o ABSOLUTE
    handlers.s                               0x00000000   Number         0  handlers.o ABSOLUTE
    init.s                                   0x00000000   Number         0  init.o ABSOLUTE
    main.c                                   0x00000000   Number         0  main.o ABSOLUTE
    stm32f10x_it.c                           0x00000000   Number         0  stm32f10x_it.o ABSOLUTE
    system_stm32f10x.c                       0x00000000   Number         0  system_stm32f10x.o ABSOLUTE
    RESET                                    0x08002400   Section      236  startup_stm32f10x_md.o(RESET)
    .ARM.Collect$$$$00000000                 0x080024ec   Section        0  entry.o(.ARM.Collect$$$$00000000)
    .ARM.Collect$$$$00000001                 0x080024ec   Section        4  entry2.o(.ARM.Collect$$$$00000001)
    .ARM.Collect$$$$00000004                 0x080024f0   Section        4  entry5.o(.ARM.Collect$$$$00000004)
    .ARM.Collect$$$$00000008                 0x080024f4   Section        0  entry7b.o(.ARM.Collect$$$$00000008)
    .ARM.Collect$$$$0000000A                 0x080024f4   Section        0  entry8b.o(.ARM.Collect$$$$0000000A)
    .ARM.Collect$$$$0000000B                 0x080024f4   Section        8  entry9a.o(.ARM.Collect$$$$0000000B)
    .ARM.Collect$$$$0000000D                 0x080024fc   Section        0  entry10a.o(.ARM.Collect$$$$0000000D)
    .ARM.Collect$$$$0000000F                 0x080024fc   Section        0  entry11a.o(.ARM.Collect$$$$0000000F)
    .ARM.Collect$$$$00002712                 0x080024fc   Section        4  entry2.o(.ARM.Collect$$$$00002712)
    __lit__00000000                          0x080024fc   Data           4  entry2.o(.ARM.Collect$$$$00002712)
    .emb_text                                0x08002500   Section      150  port.o(.emb_text)
    .text                                    0x08002598   Section       36  startup_stm32f10x_md.o(.text)
    .text                                    0x080025bc   Section        0  memcpya.o(.text)
    .text                                    0x080025e0   Section       36  init.o(.text)
    i.ADC_Cmd                                0x08002604   Section        0  stm32f10x_adc.o(i.ADC_Cmd)
    i.ADC_DMACmd                             0x0800261a   Section        0  stm32f10x_adc.o(i.ADC_DMACmd)
    i.ADC_DeInit                             0x08002630   Section        0  stm32f10x_adc.o(i.ADC_DeInit)
    i.ADC_GetCalibrationStatus               0x0800268c   Section        0  stm32f10x_adc.o(i.ADC_GetCalibrationStatus)
    i.ADC_GetResetCalibrationStatus          0x080026a0   Section        0  stm32f10x_adc.o(i.ADC_GetResetCalibrationStatus)
    i.ADC_Init                               0x080026b4   Section        0  stm32f10x_adc.o(i.ADC_Init)
    i.ADC_RegularChannelConfig               0x08002704   Section        0  stm32f10x_adc.o(i.ADC_RegularChannelConfig)
    i.ADC_ResetCalibration                   0x080027bc   Section        0  stm32f10x_adc.o(i.ADC_ResetCalibration)
    i.ADC_SoftwareStartConvCmd               0x080027c6   Section        0  stm32f10x_adc.o(i.ADC_SoftwareStartConvCmd)
    i.ADC_StartCalibration                   0x080027dc   Section        0  stm32f10x_adc.o(i.ADC_StartCalibration)
    i.Adc_Init                               0x080027e8   Section        0  adc.o(i.Adc_Init)
    i.BusFault_Handler                       0x08002948   Section        0  stm32f10x_it.o(i.BusFault_Handler)
    i.CreadTask                              0x0800294c   Section        0  main.o(i.CreadTask)
    i.CreadVar                               0x08002a04   Section        0  main.o(i.CreadVar)
    i.Cread_Snake                            0x08002a40   Section        0  app_game.o(i.Cread_Snake)
    Cread_Snake                              0x08002a41   Thumb Code   138  app_game.o(i.Cread_Snake)
    i.DMA_Cmd                                0x08002aca   Section        0  stm32f10x_dma.o(i.DMA_Cmd)
    i.DMA_DeInit                             0x08002ae4   Section        0  stm32f10x_dma.o(i.DMA_DeInit)
    i.DMA_Init                               0x08002c30   Section        0  stm32f10x_dma.o(i.DMA_Init)
    i.DebugMon_Handler                       0x08002c6c   Section        0  stm32f10x_it.o(i.DebugMon_Handler)
    i.Draw_Map_Wall                          0x08002c6e   Section        0  app_game.o(i.Draw_Map_Wall)
    i.GPIO_Init                              0x08002d20   Section        0  stm32f10x_gpio.o(i.GPIO_Init)
    i.GPIO_PinRemapConfig                    0x08002e38   Section        0  stm32f10x_gpio.o(i.GPIO_PinRemapConfig)
    i.GPIO_ResetBits                         0x08002ec8   Section        0  stm32f10x_gpio.o(i.GPIO_ResetBits)
    i.GUI_HLine                              0x08002ecc   Section        0  lcmdrv.o(i.GUI_HLine)
    i.GUI_Line                               0x08002efa   Section        0  gui_basic.o(i.GUI_Line)
    i.GUI_Point                              0x08002fe4   Section        0  lcmdrv.o(i.GUI_Point)
    i.GUI_RLine                              0x08002ff8   Section        0  lcmdrv.o(i.GUI_RLine)
    i.GUI_RectangleFill                      0x08003026   Section        0  gui_basic.o(i.GUI_RectangleFill)
    i.Game_Init                              0x08003088   Section        0  app_game.o(i.Game_Init)
    i.Get_Map_Val                            0x080030fc   Section        0  app_game.o(i.Get_Map_Val)
    i.HardFault_Handler                      0x08003110   Section        0  stm32f10x_it.o(i.HardFault_Handler)
    i.IsKeyDown1                             0x08003114   Section        0  bsp_key.o(i.IsKeyDown1)
    IsKeyDown1                               0x08003115   Thumb Code    18  bsp_key.o(i.IsKeyDown1)
    i.IsKeyDown2                             0x0800312c   Section        0  bsp_key.o(i.IsKeyDown2)
    IsKeyDown2                               0x0800312d   Thumb Code    18  bsp_key.o(i.IsKeyDown2)
    i.IsKeyDown3                             0x08003144   Section        0  bsp_key.o(i.IsKeyDown3)
    IsKeyDown3                               0x08003145   Thumb Code    18  bsp_key.o(i.IsKeyDown3)
    i.IsKeyDown4                             0x0800315c   Section        0  bsp_key.o(i.IsKeyDown4)
    IsKeyDown4                               0x0800315d   Thumb Code    18  bsp_key.o(i.IsKeyDown4)
    i.JoyToDir                               0x08003174   Section        0  app_joystick.o(i.JoyToDir)
    i.MemManage_Handler                      0x080031da   Section        0  stm32f10x_it.o(i.MemManage_Handler)
    i.NMI_Handler                            0x080031de   Section        0  stm32f10x_it.o(i.NMI_Handler)
    i.NVIC_PriorityGroupConfig               0x080031e0   Section        0  misc.o(i.NVIC_PriorityGroupConfig)
    i.NVIC_SetVectorTable                    0x080031f4   Section        0  misc.o(i.NVIC_SetVectorTable)
    i.RCC_ADCCLKConfig                       0x08003208   Section        0  stm32f10x_rcc.o(i.RCC_ADCCLKConfig)
    i.RCC_AHBPeriphClockCmd                  0x08003220   Section        0  stm32f10x_rcc.o(i.RCC_AHBPeriphClockCmd)
    i.RCC_APB1PeriphClockCmd                 0x08003240   Section        0  stm32f10x_rcc.o(i.RCC_APB1PeriphClockCmd)
    i.RCC_APB2PeriphClockCmd                 0x08003260   Section        0  stm32f10x_rcc.o(i.RCC_APB2PeriphClockCmd)
    i.RCC_APB2PeriphResetCmd                 0x08003280   Section        0  stm32f10x_rcc.o(i.RCC_APB2PeriphResetCmd)
    i.SPI_Cmd                                0x080032a0   Section        0  stm32f10x_spi.o(i.SPI_Cmd)
    i.SPI_I2S_GetFlagStatus                  0x080032b8   Section        0  stm32f10x_spi.o(i.SPI_I2S_GetFlagStatus)
    i.SPI_I2S_SendData                       0x080032ca   Section        0  stm32f10x_spi.o(i.SPI_I2S_SendData)
    i.SPI_Init                               0x080032ce   Section        0  stm32f10x_spi.o(i.SPI_Init)
    i.SPI_WByte                              0x0800330c   Section        0  oled.o(i.SPI_WByte)
    i.SetSysClock                            0x0800332c   Section        0  system_stm32f10x.o(i.SetSysClock)
    SetSysClock                              0x0800332d   Thumb Code     8  system_stm32f10x.o(i.SetSysClock)
    i.SetSysClockTo72                        0x08003334   Section        0  system_stm32f10x.o(i.SetSysClockTo72)
    SetSysClockTo72                          0x08003335   Thumb Code   214  system_stm32f10x.o(i.SetSysClockTo72)
    i.Set_Map_Val                            0x08003414   Section        0  app_game.o(i.Set_Map_Val)
    i.Snake_Run                              0x08003428   Section        0  app_game.o(i.Snake_Run)
    i.SysTick_CLKSourceConfig                0x080036fc   Section        0  misc.o(i.SysTick_CLKSourceConfig)
    i.SysTick_Handler                        0x08003724   Section        0  delay.o(i.SysTick_Handler)
    i.SystemInit                             0x08003734   Section        0  system_stm32f10x.o(i.SystemInit)
    i.Task_CreadFood                         0x08003794   Section        0  app_display.o(i.Task_CreadFood)
    i.Task_Dsiplay                           0x0800389c   Section        0  app_display.o(i.Task_Dsiplay)
    i.Task_Key                               0x08003a34   Section        0  app_display.o(i.Task_Key)
    i.Task_Led                               0x08003ac4   Section        0  app_display.o(i.Task_Led)
    i.UsageFault_Handler                     0x08003af4   Section        0  stm32f10x_it.o(i.UsageFault_Handler)
    i.__scatterload_copy                     0x08003af8   Section       14  handlers.o(i.__scatterload_copy)
    i.__scatterload_null                     0x08003b06   Section        2  handlers.o(i.__scatterload_null)
    i.__scatterload_zeroinit                 0x08003b08   Section       14  handlers.o(i.__scatterload_zeroinit)
    i.assertFail                             0x08003b16   Section        0  debug_assert.o(i.assertFail)
    i.bsp_DetectKey                          0x08003b1c   Section        0  bsp_key.o(i.bsp_DetectKey)
    bsp_DetectKey                            0x08003b1d   Thumb Code   198  bsp_key.o(i.bsp_DetectKey)
    i.bsp_GetKey                             0x08003be8   Section        0  bsp_key.o(i.bsp_GetKey)
    i.bsp_InitKey                            0x08003c1c   Section        0  bsp_key.o(i.bsp_InitKey)
    i.bsp_InitKeyHard                        0x08003c28   Section        0  bsp_key.o(i.bsp_InitKeyHard)
    bsp_InitKeyHard                          0x08003c29   Thumb Code    88  bsp_key.o(i.bsp_InitKeyHard)
    i.bsp_InitKeyVar                         0x08003c8c   Section        0  bsp_key.o(i.bsp_InitKeyVar)
    bsp_InitKeyVar                           0x08003c8d   Thumb Code    88  bsp_key.o(i.bsp_InitKeyVar)
    i.bsp_KeyScan                            0x08003cfc   Section        0  bsp_key.o(i.bsp_KeyScan)
    i.bsp_PutKey                             0x08003d14   Section        0  bsp_key.o(i.bsp_PutKey)
    i.delay_init                             0x08003d34   Section        0  delay.o(i.delay_init)
    i.delay_ms                               0x08003d90   Section        0  delay.o(i.delay_ms)
    i.delay_us                               0x08003dd0   Section        0  delay.o(i.delay_us)
    i.eTaskConfirmSleepModeStatus            0x08003e18   Section        0  tasks.o(i.eTaskConfirmSleepModeStatus)
    i.getAdcValue                            0x08003e54   Section        0  adc.o(i.getAdcValue)
    i.ledInit                                0x08003e84   Section        0  led.o(i.ledInit)
    i.main                                   0x08003ed4   Section        0  main.o(i.main)
    i.mypow                                  0x08003f0c   Section        0  oled.o(i.mypow)
    i.oledInit                               0x08003f24   Section        0  oled.o(i.oledInit)
    i.oled_clear                             0x080040b4   Section        0  oled.o(i.oled_clear)
    i.oled_drawPoint                         0x080040e4   Section        0  oled.o(i.oled_drawPoint)
    i.oled_refreshGram                       0x0800414c   Section        0  oled.o(i.oled_refreshGram)
    i.oled_showChar                          0x08004198   Section        0  oled.o(i.oled_showChar)
    i.oled_showNum                           0x080042ac   Section        0  oled.o(i.oled_showNum)
    i.oled_showString                        0x08004336   Section        0  oled.o(i.oled_showString)
    i.oled_wr_byte                           0x08004394   Section        0  oled.o(i.oled_wr_byte)
    i.prvAddCurrentTaskToDelayedList         0x080043b8   Section        0  tasks.o(i.prvAddCurrentTaskToDelayedList)
    prvAddCurrentTaskToDelayedList           0x080043b9   Thumb Code   124  tasks.o(i.prvAddCurrentTaskToDelayedList)
    i.prvAddNewTaskToReadyList               0x08004450   Section        0  tasks.o(i.prvAddNewTaskToReadyList)
    prvAddNewTaskToReadyList                 0x08004451   Thumb Code   150  tasks.o(i.prvAddNewTaskToReadyList)
    i.prvCheckForValidListAndQueue           0x08004504   Section        0  timers.o(i.prvCheckForValidListAndQueue)
    prvCheckForValidListAndQueue             0x08004505   Thumb Code    72  timers.o(i.prvCheckForValidListAndQueue)
    i.prvCheckTasksWaitingTermination        0x08004568   Section        0  tasks.o(i.prvCheckTasksWaitingTermination)
    prvCheckTasksWaitingTermination          0x08004569   Thumb Code    86  tasks.o(i.prvCheckTasksWaitingTermination)
    i.prvCopyDataFromQueue                   0x080045cc   Section        0  queue.o(i.prvCopyDataFromQueue)
    prvCopyDataFromQueue                     0x080045cd   Thumb Code    42  queue.o(i.prvCopyDataFromQueue)
    i.prvCopyDataToQueue                     0x080045f6   Section        0  queue.o(i.prvCopyDataToQueue)
    prvCopyDataToQueue                       0x080045f7   Thumb Code   124  queue.o(i.prvCopyDataToQueue)
    i.prvDeleteTCB                           0x08004672   Section        0  tasks.o(i.prvDeleteTCB)
    prvDeleteTCB                             0x08004673   Thumb Code    18  tasks.o(i.prvDeleteTCB)
    i.prvGetExpectedIdleTime                 0x08004684   Section        0  tasks.o(i.prvGetExpectedIdleTime)
    prvGetExpectedIdleTime                   0x08004685   Thumb Code    56  tasks.o(i.prvGetExpectedIdleTime)
    i.prvGetNextExpireTime                   0x080046d0   Section        0  timers.o(i.prvGetNextExpireTime)
    prvGetNextExpireTime                     0x080046d1   Thumb Code    36  timers.o(i.prvGetNextExpireTime)
    i.prvHeapInit                            0x080046f8   Section        0  heap_4.o(i.prvHeapInit)
    prvHeapInit                              0x080046f9   Thumb Code    98  heap_4.o(i.prvHeapInit)
    i.prvIdleTask                            0x08004774   Section        0  tasks.o(i.prvIdleTask)
    prvIdleTask                              0x08004775   Thumb Code    74  tasks.o(i.prvIdleTask)
    i.prvInitialiseNewQueue                  0x08004800   Section        0  queue.o(i.prvInitialiseNewQueue)
    prvInitialiseNewQueue                    0x08004801   Thumb Code    42  queue.o(i.prvInitialiseNewQueue)
    i.prvInitialiseNewTask                   0x0800482c   Section        0  tasks.o(i.prvInitialiseNewTask)
    prvInitialiseNewTask                     0x0800482d   Thumb Code   160  tasks.o(i.prvInitialiseNewTask)
    i.prvInitialiseTaskLists                 0x080048e4   Section        0  tasks.o(i.prvInitialiseTaskLists)
    prvInitialiseTaskLists                   0x080048e5   Thumb Code    70  tasks.o(i.prvInitialiseTaskLists)
    i.prvInsertBlockIntoFreeList             0x0800494c   Section        0  heap_4.o(i.prvInsertBlockIntoFreeList)
    prvInsertBlockIntoFreeList               0x0800494d   Thumb Code    96  heap_4.o(i.prvInsertBlockIntoFreeList)
    i.prvInsertTimerInActiveList             0x080049b4   Section        0  timers.o(i.prvInsertTimerInActiveList)
    prvInsertTimerInActiveList               0x080049b5   Thumb Code    80  timers.o(i.prvInsertTimerInActiveList)
    i.prvIsQueueEmpty                        0x08004a0c   Section        0  queue.o(i.prvIsQueueEmpty)
    prvIsQueueEmpty                          0x08004a0d   Thumb Code    26  queue.o(i.prvIsQueueEmpty)
    i.prvIsQueueFull                         0x08004a26   Section        0  queue.o(i.prvIsQueueFull)
    prvIsQueueFull                           0x08004a27   Thumb Code    30  queue.o(i.prvIsQueueFull)
    i.prvNotifyQueueSetContainer             0x08004a44   Section        0  queue.o(i.prvNotifyQueueSetContainer)
    prvNotifyQueueSetContainer               0x08004a45   Thumb Code   124  queue.o(i.prvNotifyQueueSetContainer)
    i.prvProcessExpiredTimer                 0x08004aec   Section        0  timers.o(i.prvProcessExpiredTimer)
    prvProcessExpiredTimer                   0x08004aed   Thumb Code    84  timers.o(i.prvProcessExpiredTimer)
    i.prvProcessReceivedCommands             0x08004b64   Section        0  timers.o(i.prvProcessReceivedCommands)
    prvProcessReceivedCommands               0x08004b65   Thumb Code   254  timers.o(i.prvProcessReceivedCommands)
    i.prvProcessTimerOrBlockTask             0x08004cbc   Section        0  timers.o(i.prvProcessTimerOrBlockTask)
    prvProcessTimerOrBlockTask               0x08004cbd   Thumb Code   102  timers.o(i.prvProcessTimerOrBlockTask)
    i.prvResetNextTaskUnblockTime            0x08004d30   Section        0  tasks.o(i.prvResetNextTaskUnblockTime)
    prvResetNextTaskUnblockTime              0x08004d31   Thumb Code    42  tasks.o(i.prvResetNextTaskUnblockTime)
    i.prvSampleTimeNow                       0x08004d64   Section        0  timers.o(i.prvSampleTimeNow)
    prvSampleTimeNow                         0x08004d65   Thumb Code    40  timers.o(i.prvSampleTimeNow)
    i.prvSwitchTimerLists                    0x08004d90   Section        0  timers.o(i.prvSwitchTimerLists)
    prvSwitchTimerLists                      0x08004d91   Thumb Code   140  timers.o(i.prvSwitchTimerLists)
    i.prvTaskExitError                       0x08004e44   Section        0  port.o(i.prvTaskExitError)
    prvTaskExitError                         0x08004e45   Thumb Code    48  port.o(i.prvTaskExitError)
    i.prvTestWaitCondition                   0x08004ec0   Section        0  event_groups.o(i.prvTestWaitCondition)
    prvTestWaitCondition                     0x08004ec1   Thumb Code    30  event_groups.o(i.prvTestWaitCondition)
    i.prvTimerTask                           0x08004ede   Section        0  timers.o(i.prvTimerTask)
    prvTimerTask                             0x08004edf   Thumb Code    26  timers.o(i.prvTimerTask)
    i.prvUnlockQueue                         0x08004ef8   Section        0  queue.o(i.prvUnlockQueue)
    prvUnlockQueue                           0x08004ef9   Thumb Code   146  queue.o(i.prvUnlockQueue)
    i.pvPortMalloc                           0x08004f8c   Section        0  heap_4.o(i.pvPortMalloc)
    i.pvTaskIncrementMutexHeldCount          0x08005108   Section        0  tasks.o(i.pvTaskIncrementMutexHeldCount)
    i.pxPortInitialiseStack                  0x08005128   Section        0  port.o(i.pxPortInitialiseStack)
    i.uxListRemove                           0x0800514c   Section        0  list.o(i.uxListRemove)
    i.uxQueueMessagesWaiting                 0x08005174   Section        0  queue.o(i.uxQueueMessagesWaiting)
    i.uxTaskResetEventItemValue              0x080051b0   Section        0  tasks.o(i.uxTaskResetEventItemValue)
    i.vApplicationStackOverflowHook          0x080051cc   Section        0  freertosdebug.o(i.vApplicationStackOverflowHook)
    i.vListInitialise                        0x080051e2   Section        0  list.o(i.vListInitialise)
    i.vListInitialiseItem                    0x080051fc   Section        0  list.o(i.vListInitialiseItem)
    i.vListInsert                            0x08005202   Section        0  list.o(i.vListInsert)
    i.vListInsertEnd                         0x08005236   Section        0  list.o(i.vListInsertEnd)
    i.vPortEnterCritical                     0x08005250   Section        0  port.o(i.vPortEnterCritical)
    i.vPortExitCritical                      0x08005300   Section        0  port.o(i.vPortExitCritical)
    i.vPortFree                              0x08005374   Section        0  heap_4.o(i.vPortFree)
    i.vPortSetupTimerInterrupt               0x08005470   Section        0  port.o(i.vPortSetupTimerInterrupt)
    i.vPortSuppressTicksAndSleep             0x080054cc   Section        0  port.o(i.vPortSuppressTicksAndSleep)
    i.vPortValidateInterruptPriority         0x08005618   Section        0  port.o(i.vPortValidateInterruptPriority)
    i.vQueueAddToRegistry                    0x080056d8   Section        0  queue.o(i.vQueueAddToRegistry)
    i.vQueueDelete                           0x08005704   Section        0  queue.o(i.vQueueDelete)
    i.vQueueUnregisterQueue                  0x08005744   Section        0  queue.o(i.vQueueUnregisterQueue)
    i.vQueueWaitForMessageRestricted         0x08005774   Section        0  queue.o(i.vQueueWaitForMessageRestricted)
    i.vTaskDelay                             0x080057c0   Section        0  tasks.o(i.vTaskDelay)
    i.vTaskDelayUntil                        0x08005840   Section        0  tasks.o(i.vTaskDelayUntil)
    i.vTaskMissedYield                       0x08005954   Section        0  tasks.o(i.vTaskMissedYield)
    i.vTaskPlaceOnEventList                  0x08005960   Section        0  tasks.o(i.vTaskPlaceOnEventList)
    i.vTaskPlaceOnEventListRestricted        0x080059b0   Section        0  tasks.o(i.vTaskPlaceOnEventListRestricted)
    i.vTaskPlaceOnUnorderedEventList         0x08005a08   Section        0  tasks.o(i.vTaskPlaceOnUnorderedEventList)
    i.vTaskPriorityInherit                   0x08005a9c   Section        0  tasks.o(i.vTaskPriorityInherit)
    i.vTaskSetTimeOutState                   0x08005b4c   Section        0  tasks.o(i.vTaskSetTimeOutState)
    i.vTaskStartScheduler                    0x08005b94   Section        0  tasks.o(i.vTaskStartScheduler)
    i.vTaskStepTick                          0x08005c64   Section        0  tasks.o(i.vTaskStepTick)
    i.vTaskSuspendAll                        0x08005cec   Section        0  tasks.o(i.vTaskSuspendAll)
    i.vTaskSwitchContext                     0x08005cfc   Section        0  tasks.o(i.vTaskSwitchContext)
    i.xEventGroupClearBits                   0x08005db4   Section        0  event_groups.o(i.xEventGroupClearBits)
    i.xEventGroupCreate                      0x08005e5c   Section        0  event_groups.o(i.xEventGroupCreate)
    i.xEventGroupSetBits                     0x08005e78   Section        0  event_groups.o(i.xEventGroupSetBits)
    i.xEventGroupWaitBits                    0x08005f94   Section        0  event_groups.o(i.xEventGroupWaitBits)
    i.xPortStartScheduler                    0x08006140   Section        0  port.o(i.xPortStartScheduler)
    i.xPortSysTickHandler                    0x080061e0   Section        0  port.o(i.xPortSysTickHandler)
    i.xQueueCreateCountingSemaphore          0x08006214   Section        0  queue.o(i.xQueueCreateCountingSemaphore)
    i.xQueueGenericCreate                    0x080062a0   Section        0  queue.o(i.xQueueGenericCreate)
    i.xQueueGenericReceive                   0x08006328   Section        0  queue.o(i.xQueueGenericReceive)
    i.xQueueGenericReset                     0x080064f0   Section        0  queue.o(i.xQueueGenericReset)
    i.xQueueGenericSend                      0x08006598   Section        0  queue.o(i.xQueueGenericSend)
    i.xQueueGenericSendFromISR               0x08006760   Section        0  queue.o(i.xQueueGenericSendFromISR)
    i.xTaskCheckForTimeOut                   0x08006870   Section        0  tasks.o(i.xTaskCheckForTimeOut)
    i.xTaskCreate                            0x0800691c   Section        0  tasks.o(i.xTaskCreate)
    i.xTaskGetSchedulerState                 0x0800697c   Section        0  tasks.o(i.xTaskGetSchedulerState)
    i.xTaskGetTickCount                      0x0800699c   Section        0  tasks.o(i.xTaskGetTickCount)
    i.xTaskIncrementTick                     0x080069a8   Section        0  tasks.o(i.xTaskIncrementTick)
    i.xTaskPriorityDisinherit                0x08006b28   Section        0  tasks.o(i.xTaskPriorityDisinherit)
    i.xTaskRemoveFromEventList               0x08006c20   Section        0  tasks.o(i.xTaskRemoveFromEventList)
    i.xTaskRemoveFromUnorderedEventList      0x08006cd8   Section        0  tasks.o(i.xTaskRemoveFromUnorderedEventList)
    i.xTaskResumeAll                         0x08006db8   Section        0  tasks.o(i.xTaskResumeAll)
    i.xTimerCreateTimerTask                  0x08006ee0   Section        0  timers.o(i.xTimerCreateTimerTask)
    i.xTimerGenericCommand                   0x08006f4c   Section        0  timers.o(i.xTimerGenericCommand)
    .constdata                               0x08006fe8   Section    10910  font.o(.constdata)
    .conststring                             0x08009a88   Section       66  port.o(.conststring)
    .conststring                             0x08009acc   Section      138  heap_4.o(.conststring)
    .conststring                             0x08009b58   Section       86  event_groups.o(.conststring)
    .conststring                             0x08009bb0   Section      299  queue.o(.conststring)
    .conststring                             0x08009cdc   Section      179  tasks.o(.conststring)
    .data                                    0x20000000   Section       24  main.o(.data)
    Task_DsiplayHandle                       0x20000000   Data           4  main.o(.data)
    Task_LedHandle                           0x20000004   Data           4  main.o(.data)
    Task_KeyHandle                           0x20000008   Data           4  main.o(.data)
    Task_CreadFoodHandle                     0x2000000c   Data           4  main.o(.data)
    .data                                    0x20000018   Section       20  system_stm32f10x.o(.data)
    .data                                    0x2000002c   Section        4  delay.o(.data)
    fac_us                                   0x2000002c   Data           1  delay.o(.data)
    fac_ms                                   0x2000002e   Data           2  delay.o(.data)
    .data                                    0x20000030   Section       20  timers.o(.data)
    pxCurrentTimerList                       0x20000030   Data           4  timers.o(.data)
    pxOverflowTimerList                      0x20000034   Data           4  timers.o(.data)
    xTimerQueue                              0x20000038   Data           4  timers.o(.data)
    xTimerTaskHandle                         0x2000003c   Data           4  timers.o(.data)
    xLastTime                                0x20000040   Data           4  timers.o(.data)
    .data                                    0x20000044   Section       24  port.o(.data)
    uxCriticalNesting                        0x20000044   Data           4  port.o(.data)
    ulTimerCountsForOneTick                  0x20000048   Data           4  port.o(.data)
    xMaximumPossibleSuppressedTicks          0x2000004c   Data           4  port.o(.data)
    ulStoppedTimerCompensation               0x20000050   Data           4  port.o(.data)
    ucMaxSysCallPriority                     0x20000054   Data           1  port.o(.data)
    ulMaxPRIGROUPValue                       0x20000058   Data           4  port.o(.data)
    .data                                    0x2000005c   Section       24  heap_4.o(.data)
    xStart                                   0x2000005c   Data           8  heap_4.o(.data)
    pxEnd                                    0x20000064   Data           4  heap_4.o(.data)
    xFreeBytesRemaining                      0x20000068   Data           4  heap_4.o(.data)
    xMinimumEverFreeBytesRemaining           0x2000006c   Data           4  heap_4.o(.data)
    xBlockAllocatedBit                       0x20000070   Data           4  heap_4.o(.data)
    .data                                    0x20000074   Section       60  tasks.o(.data)
    pxDelayedTaskList                        0x20000078   Data           4  tasks.o(.data)
    pxOverflowDelayedTaskList                0x2000007c   Data           4  tasks.o(.data)
    uxDeletedTasksWaitingCleanUp             0x20000080   Data           4  tasks.o(.data)
    uxCurrentNumberOfTasks                   0x20000084   Data           4  tasks.o(.data)
    xTickCount                               0x20000088   Data           4  tasks.o(.data)
    uxTopReadyPriority                       0x2000008c   Data           4  tasks.o(.data)
    xSchedulerRunning                        0x20000090   Data           4  tasks.o(.data)
    uxPendedTicks                            0x20000094   Data           4  tasks.o(.data)
    xYieldPending                            0x20000098   Data           4  tasks.o(.data)
    xNumOfOverflows                          0x2000009c   Data           4  tasks.o(.data)
    uxTaskNumber                             0x200000a0   Data           4  tasks.o(.data)
    xNextTaskUnblockTime                     0x200000a4   Data           4  tasks.o(.data)
    xIdleTaskHandle                          0x200000a8   Data           4  tasks.o(.data)
    uxSchedulerSuspended                     0x200000ac   Data           4  tasks.o(.data)
    .bss                                     0x200000b0   Section     6324  app_game.o(.bss)
    .bss                                     0x20001964   Section     1024  oled.o(.bss)
    oledGram                                 0x20001964   Data        1024  oled.o(.bss)
    .bss                                     0x20001d64   Section      100  adc.o(.bss)
    .bss                                     0x20001dc8   Section       77  bsp_key.o(.bss)
    s_tBtn                                   0x20001dc8   Data          64  bsp_key.o(.bss)
    s_tKey                                   0x20001e08   Data          13  bsp_key.o(.bss)
    .bss                                     0x20001e18   Section       40  timers.o(.bss)
    xActiveTimerList1                        0x20001e18   Data          20  timers.o(.bss)
    xActiveTimerList2                        0x20001e2c   Data          20  timers.o(.bss)
    .bss                                     0x20001e40   Section    10240  heap_4.o(.bss)
    ucHeap                                   0x20001e40   Data       10240  heap_4.o(.bss)
    .bss                                     0x20004640   Section       64  queue.o(.bss)
    .bss                                     0x20004680   Section      740  tasks.o(.bss)
    pxReadyTasksLists                        0x20004680   Data         640  tasks.o(.bss)
    xDelayedTaskList1                        0x20004900   Data          20  tasks.o(.bss)
    xDelayedTaskList2                        0x20004914   Data          20  tasks.o(.bss)
    xPendingReadyList                        0x20004928   Data          20  tasks.o(.bss)
    xTasksWaitingTermination                 0x2000493c   Data          20  tasks.o(.bss)
    xSuspendedTaskList                       0x20004950   Data          20  tasks.o(.bss)
    STACK                                    0x20004968   Section     1024  startup_stm32f10x_md.o(STACK)

    Global Symbols

    Symbol Name                              Value     Ov Type        Size  Object(Section)

    BuildAttributes$$THM_ISAv4$P$D$K$B$S$PE$A:L22UL41UL21$X:L11$S22US41US21$IEEE1$IW$USESV6$~STKCKD$USESV7$~SHL$OSPACE$EBA8$MICROLIB$REQ8$PRES8$EABIv2 0x00000000   Number         0  anon$$obj.o ABSOLUTE
    __ARM_use_no_argv                        0x00000000   Number         0  main.o ABSOLUTE
    __cpp_initialize__aeabi_                  - Undefined Weak Reference
    __cxa_finalize                            - Undefined Weak Reference
    __decompress                              - Undefined Weak Reference
    _clock_init                               - Undefined Weak Reference
    _microlib_exit                            - Undefined Weak Reference
    __Vectors_Size                           0x000000ec   Number         0  startup_stm32f10x_md.o ABSOLUTE
    __Vectors                                0x08002400   Data           4  startup_stm32f10x_md.o(RESET)
    __Vectors_End                            0x080024ec   Data           0  startup_stm32f10x_md.o(RESET)
    __main                                   0x080024ed   Thumb Code     0  entry.o(.ARM.Collect$$$$00000000)
    _main_stk                                0x080024ed   Thumb Code     0  entry2.o(.ARM.Collect$$$$00000001)
    _main_scatterload                        0x080024f1   Thumb Code     0  entry5.o(.ARM.Collect$$$$00000004)
    __main_after_scatterload                 0x080024f5   Thumb Code     0  entry5.o(.ARM.Collect$$$$00000004)
    _main_clock                              0x080024f5   Thumb Code     0  entry7b.o(.ARM.Collect$$$$00000008)
    _main_cpp_init                           0x080024f5   Thumb Code     0  entry8b.o(.ARM.Collect$$$$0000000A)
    _main_init                               0x080024f5   Thumb Code     0  entry9a.o(.ARM.Collect$$$$0000000B)
    __rt_final_cpp                           0x080024fd   Thumb Code     0  entry10a.o(.ARM.Collect$$$$0000000D)
    __rt_final_exit                          0x080024fd   Thumb Code     0  entry11a.o(.ARM.Collect$$$$0000000F)
    SVC_Handler                              0x08002501   Thumb Code    32  port.o(.emb_text)
    __asm___6_port_c_39a90d8d__prvStartFirstTask 0x08002525   Thumb Code    28  port.o(.emb_text)
    PendSV_Handler                           0x08002545   Thumb Code    72  port.o(.emb_text)
    vPortGetIPSR                             0x08002591   Thumb Code     6  port.o(.emb_text)
    Reset_Handler                            0x08002599   Thumb Code     8  startup_stm32f10x_md.o(.text)
    ADC1_2_IRQHandler                        0x080025b3   Thumb Code     0  startup_stm32f10x_md.o(.text)
    CAN1_RX1_IRQHandler                      0x080025b3   Thumb Code     0  startup_stm32f10x_md.o(.text)
    CAN1_SCE_IRQHandler                      0x080025b3   Thumb Code     0  startup_stm32f10x_md.o(.text)
    DMA1_Channel1_IRQHandler                 0x080025b3   Thumb Code     0  startup_stm32f10x_md.o(.text)
    DMA1_Channel2_IRQHandler                 0x080025b3   Thumb Code     0  startup_stm32f10x_md.o(.text)
    DMA1_Channel3_IRQHandler                 0x080025b3   Thumb Code     0  startup_stm32f10x_md.o(.text)
    DMA1_Channel4_IRQHandler                 0x080025b3   Thumb Code     0  startup_stm32f10x_md.o(.text)
    DMA1_Channel5_IRQHandler                 0x080025b3   Thumb Code     0  startup_stm32f10x_md.o(.text)
    DMA1_Channel6_IRQHandler                 0x080025b3   Thumb Code     0  startup_stm32f10x_md.o(.text)
    DMA1_Channel7_IRQHandler                 0x080025b3   Thumb Code     0  startup_stm32f10x_md.o(.text)
    EXTI0_IRQHandler                         0x080025b3   Thumb Code     0  startup_stm32f10x_md.o(.text)
    EXTI15_10_IRQHandler                     0x080025b3   Thumb Code     0  startup_stm32f10x_md.o(.text)
    EXTI1_IRQHandler                         0x080025b3   Thumb Code     0  startup_stm32f10x_md.o(.text)
    EXTI2_IRQHandler                         0x080025b3   Thumb Code     0  startup_stm32f10x_md.o(.text)
    EXTI3_IRQHandler                         0x080025b3   Thumb Code     0  startup_stm32f10x_md.o(.text)
    EXTI4_IRQHandler                         0x080025b3   Thumb Code     0  startup_stm32f10x_md.o(.text)
    EXTI9_5_IRQHandler                       0x080025b3   Thumb Code     0  startup_stm32f10x_md.o(.text)
    FLASH_IRQHandler                         0x080025b3   Thumb Code     0  startup_stm32f10x_md.o(.text)
    I2C1_ER_IRQHandler                       0x080025b3   Thumb Code     0  startup_stm32f10x_md.o(.text)
    I2C1_EV_IRQHandler                       0x080025b3   Thumb Code     0  startup_stm32f10x_md.o(.text)
    I2C2_ER_IRQHandler                       0x080025b3   Thumb Code     0  startup_stm32f10x_md.o(.text)
    I2C2_EV_IRQHandler                       0x080025b3   Thumb Code     0  startup_stm32f10x_md.o(.text)
    PVD_IRQHandler                           0x080025b3   Thumb Code     0  startup_stm32f10x_md.o(.text)
    RCC_IRQHandler                           0x080025b3   Thumb Code     0  startup_stm32f10x_md.o(.text)
    RTCAlarm_IRQHandler                      0x080025b3   Thumb Code     0  startup_stm32f10x_md.o(.text)
    RTC_IRQHandler                           0x080025b3   Thumb Code     0  startup_stm32f10x_md.o(.text)
    SPI1_IRQHandler                          0x080025b3   Thumb Code     0  startup_stm32f10x_md.o(.text)
    SPI2_IRQHandler                          0x080025b3   Thumb Code     0  startup_stm32f10x_md.o(.text)
    TAMPER_IRQHandler                        0x080025b3   Thumb Code     0  startup_stm32f10x_md.o(.text)
    TIM1_BRK_IRQHandler                      0x080025b3   Thumb Code     0  startup_stm32f10x_md.o(.text)
    TIM1_CC_IRQHandler                       0x080025b3   Thumb Code     0  startup_stm32f10x_md.o(.text)
    TIM1_TRG_COM_IRQHandler                  0x080025b3   Thumb Code     0  startup_stm32f10x_md.o(.text)
    TIM1_UP_IRQHandler                       0x080025b3   Thumb Code     0  startup_stm32f10x_md.o(.text)
    TIM2_IRQHandler                          0x080025b3   Thumb Code     0  startup_stm32f10x_md.o(.text)
    TIM3_IRQHandler                          0x080025b3   Thumb Code     0  startup_stm32f10x_md.o(.text)
    TIM4_IRQHandler                          0x080025b3   Thumb Code     0  startup_stm32f10x_md.o(.text)
    USART1_IRQHandler                        0x080025b3   Thumb Code     0  startup_stm32f10x_md.o(.text)
    USART2_IRQHandler                        0x080025b3   Thumb Code     0  startup_stm32f10x_md.o(.text)
    USART3_IRQHandler                        0x080025b3   Thumb Code     0  startup_stm32f10x_md.o(.text)
    USBWakeUp_IRQHandler                     0x080025b3   Thumb Code     0  startup_stm32f10x_md.o(.text)
    USB_HP_CAN1_TX_IRQHandler                0x080025b3   Thumb Code     0  startup_stm32f10x_md.o(.text)
    USB_LP_CAN1_RX0_IRQHandler               0x080025b3   Thumb Code     0  startup_stm32f10x_md.o(.text)
    WWDG_IRQHandler                          0x080025b3   Thumb Code     0  startup_stm32f10x_md.o(.text)
    __aeabi_memcpy                           0x080025bd   Thumb Code    36  memcpya.o(.text)
    __aeabi_memcpy4                          0x080025bd   Thumb Code     0  memcpya.o(.text)
    __aeabi_memcpy8                          0x080025bd   Thumb Code     0  memcpya.o(.text)
    __scatterload                            0x080025e1   Thumb Code    28  init.o(.text)
    __scatterload_rt2                        0x080025e1   Thumb Code     0  init.o(.text)
    ADC_Cmd                                  0x08002605   Thumb Code    22  stm32f10x_adc.o(i.ADC_Cmd)
    ADC_DMACmd                               0x0800261b   Thumb Code    22  stm32f10x_adc.o(i.ADC_DMACmd)
    ADC_DeInit                               0x08002631   Thumb Code    78  stm32f10x_adc.o(i.ADC_DeInit)
    ADC_GetCalibrationStatus                 0x0800268d   Thumb Code    20  stm32f10x_adc.o(i.ADC_GetCalibrationStatus)
    ADC_GetResetCalibrationStatus            0x080026a1   Thumb Code    20  stm32f10x_adc.o(i.ADC_GetResetCalibrationStatus)
    ADC_Init                                 0x080026b5   Thumb Code    70  stm32f10x_adc.o(i.ADC_Init)
    ADC_RegularChannelConfig                 0x08002705   Thumb Code   184  stm32f10x_adc.o(i.ADC_RegularChannelConfig)
    ADC_ResetCalibration                     0x080027bd   Thumb Code    10  stm32f10x_adc.o(i.ADC_ResetCalibration)
    ADC_SoftwareStartConvCmd                 0x080027c7   Thumb Code    22  stm32f10x_adc.o(i.ADC_SoftwareStartConvCmd)
    ADC_StartCalibration                     0x080027dd   Thumb Code    10  stm32f10x_adc.o(i.ADC_StartCalibration)
    Adc_Init                                 0x080027e9   Thumb Code   332  adc.o(i.Adc_Init)
    BusFault_Handler                         0x08002949   Thumb Code     4  stm32f10x_it.o(i.BusFault_Handler)
    CreadTask                                0x0800294d   Thumb Code    96  main.o(i.CreadTask)
    CreadVar                                 0x08002a05   Thumb Code    52  main.o(i.CreadVar)
    DMA_Cmd                                  0x08002acb   Thumb Code    24  stm32f10x_dma.o(i.DMA_Cmd)
    DMA_DeInit                               0x08002ae5   Thumb Code   324  stm32f10x_dma.o(i.DMA_DeInit)
    DMA_Init                                 0x08002c31   Thumb Code    60  stm32f10x_dma.o(i.DMA_Init)
    DebugMon_Handler                         0x08002c6d   Thumb Code     2  stm32f10x_it.o(i.DebugMon_Handler)
    Draw_Map_Wall                            0x08002c6f   Thumb Code   178  app_game.o(i.Draw_Map_Wall)
    GPIO_Init                                0x08002d21   Thumb Code   278  stm32f10x_gpio.o(i.GPIO_Init)
    GPIO_PinRemapConfig                      0x08002e39   Thumb Code   138  stm32f10x_gpio.o(i.GPIO_PinRemapConfig)
    GPIO_ResetBits                           0x08002ec9   Thumb Code     4  stm32f10x_gpio.o(i.GPIO_ResetBits)
    GUI_HLine                                0x08002ecd   Thumb Code    46  lcmdrv.o(i.GUI_HLine)
    GUI_Line                                 0x08002efb   Thumb Code   234  gui_basic.o(i.GUI_Line)
    GUI_Point                                0x08002fe5   Thumb Code    20  lcmdrv.o(i.GUI_Point)
    GUI_RLine                                0x08002ff9   Thumb Code    46  lcmdrv.o(i.GUI_RLine)
    GUI_RectangleFill                        0x08003027   Thumb Code    98  gui_basic.o(i.GUI_RectangleFill)
    Game_Init                                0x08003089   Thumb Code   114  app_game.o(i.Game_Init)
    Get_Map_Val                              0x080030fd   Thumb Code    16  app_game.o(i.Get_Map_Val)
    HardFault_Handler                        0x08003111   Thumb Code     4  stm32f10x_it.o(i.HardFault_Handler)
    JoyToDir                                 0x08003175   Thumb Code   102  app_joystick.o(i.JoyToDir)
    MemManage_Handler                        0x080031db   Thumb Code     4  stm32f10x_it.o(i.MemManage_Handler)
    NMI_Handler                              0x080031df   Thumb Code     2  stm32f10x_it.o(i.NMI_Handler)
    NVIC_PriorityGroupConfig                 0x080031e1   Thumb Code    10  misc.o(i.NVIC_PriorityGroupConfig)
    NVIC_SetVectorTable                      0x080031f5   Thumb Code    12  misc.o(i.NVIC_SetVectorTable)
    RCC_ADCCLKConfig                         0x08003209   Thumb Code    18  stm32f10x_rcc.o(i.RCC_ADCCLKConfig)
    RCC_AHBPeriphClockCmd                    0x08003221   Thumb Code    26  stm32f10x_rcc.o(i.RCC_AHBPeriphClockCmd)
    RCC_APB1PeriphClockCmd                   0x08003241   Thumb Code    26  stm32f10x_rcc.o(i.RCC_APB1PeriphClockCmd)
    RCC_APB2PeriphClockCmd                   0x08003261   Thumb Code    26  stm32f10x_rcc.o(i.RCC_APB2PeriphClockCmd)
    RCC_APB2PeriphResetCmd                   0x08003281   Thumb Code    26  stm32f10x_rcc.o(i.RCC_APB2PeriphResetCmd)
    SPI_Cmd                                  0x080032a1   Thumb Code    24  stm32f10x_spi.o(i.SPI_Cmd)
    SPI_I2S_GetFlagStatus                    0x080032b9   Thumb Code    18  stm32f10x_spi.o(i.SPI_I2S_GetFlagStatus)
    SPI_I2S_SendData                         0x080032cb   Thumb Code     4  stm32f10x_spi.o(i.SPI_I2S_SendData)
    SPI_Init                                 0x080032cf   Thumb Code    60  stm32f10x_spi.o(i.SPI_Init)
    SPI_WByte                                0x0800330d   Thumb Code    28  oled.o(i.SPI_WByte)
    Set_Map_Val                              0x08003415   Thumb Code    16  app_game.o(i.Set_Map_Val)
    Snake_Run                                0x08003429   Thumb Code   714  app_game.o(i.Snake_Run)
    SysTick_CLKSourceConfig                  0x080036fd   Thumb Code    40  misc.o(i.SysTick_CLKSourceConfig)
    SysTick_Handler                          0x08003725   Thumb Code    16  delay.o(i.SysTick_Handler)
    SystemInit                               0x08003735   Thumb Code    78  system_stm32f10x.o(i.SystemInit)
    Task_CreadFood                           0x08003795   Thumb Code   258  app_display.o(i.Task_CreadFood)
    Task_Dsiplay                             0x0800389d   Thumb Code   352  app_display.o(i.Task_Dsiplay)
    Task_Key                                 0x08003a35   Thumb Code   140  app_display.o(i.Task_Key)
    Task_Led                                 0x08003ac5   Thumb Code    44  app_display.o(i.Task_Led)
    UsageFault_Handler                       0x08003af5   Thumb Code     4  stm32f10x_it.o(i.UsageFault_Handler)
    __scatterload_copy                       0x08003af9   Thumb Code    14  handlers.o(i.__scatterload_copy)
    __scatterload_null                       0x08003b07   Thumb Code     2  handlers.o(i.__scatterload_null)
    __scatterload_zeroinit                   0x08003b09   Thumb Code    14  handlers.o(i.__scatterload_zeroinit)
    assertFail                               0x08003b17   Thumb Code     4  debug_assert.o(i.assertFail)
    bsp_GetKey                               0x08003be9   Thumb Code    46  bsp_key.o(i.bsp_GetKey)
    bsp_InitKey                              0x08003c1d   Thumb Code    12  bsp_key.o(i.bsp_InitKey)
    bsp_KeyScan                              0x08003cfd   Thumb Code    22  bsp_key.o(i.bsp_KeyScan)
    bsp_PutKey                               0x08003d15   Thumb Code    28  bsp_key.o(i.bsp_PutKey)
    delay_init                               0x08003d35   Thumb Code    74  delay.o(i.delay_init)
    delay_ms                                 0x08003d91   Thumb Code    60  delay.o(i.delay_ms)
    delay_us                                 0x08003dd1   Thumb Code    68  delay.o(i.delay_us)
    eTaskConfirmSleepModeStatus              0x08003e19   Thumb Code    42  tasks.o(i.eTaskConfirmSleepModeStatus)
    getAdcValue                              0x08003e55   Thumb Code    42  adc.o(i.getAdcValue)
    ledInit                                  0x08003e85   Thumb Code    70  led.o(i.ledInit)
    main                                     0x08003ed5   Thumb Code    52  main.o(i.main)
    mypow                                    0x08003f0d   Thumb Code    22  oled.o(i.mypow)
    oledInit                                 0x08003f25   Thumb Code   384  oled.o(i.oledInit)
    oled_clear                               0x080040b5   Thumb Code    42  oled.o(i.oled_clear)
    oled_drawPoint                           0x080040e5   Thumb Code   100  oled.o(i.oled_drawPoint)
    oled_refreshGram                         0x0800414d   Thumb Code    70  oled.o(i.oled_refreshGram)
    oled_showChar                            0x08004199   Thumb Code   264  oled.o(i.oled_showChar)
    oled_showNum                             0x080042ad   Thumb Code   138  oled.o(i.oled_showNum)
    oled_showString                          0x08004337   Thumb Code    92  oled.o(i.oled_showString)
    oled_wr_byte                             0x08004395   Thumb Code    26  oled.o(i.oled_wr_byte)
    pvPortMalloc                             0x08004f8d   Thumb Code   264  heap_4.o(i.pvPortMalloc)
    pvTaskIncrementMutexHeldCount            0x08005109   Thumb Code    26  tasks.o(i.pvTaskIncrementMutexHeldCount)
    pxPortInitialiseStack                    0x08005129   Thumb Code    30  port.o(i.pxPortInitialiseStack)
    uxListRemove                             0x0800514d   Thumb Code    40  list.o(i.uxListRemove)
    uxQueueMessagesWaiting                   0x08005175   Thumb Code    32  queue.o(i.uxQueueMessagesWaiting)
    uxTaskResetEventItemValue                0x080051b1   Thumb Code    24  tasks.o(i.uxTaskResetEventItemValue)
    vApplicationStackOverflowHook            0x080051cd   Thumb Code    22  freertosdebug.o(i.vApplicationStackOverflowHook)
    vListInitialise                          0x080051e3   Thumb Code    26  list.o(i.vListInitialise)
    vListInitialiseItem                      0x080051fd   Thumb Code     6  list.o(i.vListInitialiseItem)
    vListInsert                              0x08005203   Thumb Code    52  list.o(i.vListInsert)
    vListInsertEnd                           0x08005237   Thumb Code    24  list.o(i.vListInsertEnd)
    vPortEnterCritical                       0x08005251   Thumb Code    68  port.o(i.vPortEnterCritical)
    vPortExitCritical                        0x08005301   Thumb Code    48  port.o(i.vPortExitCritical)
    vPortFree                                0x08005375   Thumb Code   120  heap_4.o(i.vPortFree)
    vPortSetupTimerInterrupt                 0x08005471   Thumb Code    76  port.o(i.vPortSetupTimerInterrupt)
    vPortSuppressTicksAndSleep               0x080054cd   Thumb Code   320  port.o(i.vPortSuppressTicksAndSleep)
    vPortValidateInterruptPriority           0x08005619   Thumb Code    86  port.o(i.vPortValidateInterruptPriority)
    vQueueAddToRegistry                      0x080056d9   Thumb Code    38  queue.o(i.vQueueAddToRegistry)
    vQueueDelete                             0x08005705   Thumb Code    34  queue.o(i.vQueueDelete)
    vQueueUnregisterQueue                    0x08005745   Thumb Code    44  queue.o(i.vQueueUnregisterQueue)
    vQueueWaitForMessageRestricted           0x08005775   Thumb Code    74  queue.o(i.vQueueWaitForMessageRestricted)
    vTaskDelay                               0x080057c1   Thumb Code    72  tasks.o(i.vTaskDelay)
    vTaskDelayUntil                          0x08005841   Thumb Code   170  tasks.o(i.vTaskDelayUntil)
    vTaskMissedYield                         0x08005955   Thumb Code     8  tasks.o(i.vTaskMissedYield)
    vTaskPlaceOnEventList                    0x08005961   Thumb Code    42  tasks.o(i.vTaskPlaceOnEventList)
    vTaskPlaceOnEventListRestricted          0x080059b1   Thumb Code    50  tasks.o(i.vTaskPlaceOnEventListRestricted)
    vTaskPlaceOnUnorderedEventList           0x08005a09   Thumb Code    80  tasks.o(i.vTaskPlaceOnUnorderedEventList)
    vTaskPriorityInherit                     0x08005a9d   Thumb Code   164  tasks.o(i.vTaskPriorityInherit)
    vTaskSetTimeOutState                     0x08005b4d   Thumb Code    32  tasks.o(i.vTaskSetTimeOutState)
    vTaskStartScheduler                      0x08005b95   Thumb Code   108  tasks.o(i.vTaskStartScheduler)
    vTaskStepTick                            0x08005c65   Thumb Code    50  tasks.o(i.vTaskStepTick)
    vTaskSuspendAll                          0x08005ced   Thumb Code    12  tasks.o(i.vTaskSuspendAll)
    vTaskSwitchContext                       0x08005cfd   Thumb Code   138  tasks.o(i.vTaskSwitchContext)
    xEventGroupClearBits                     0x08005db5   Thumb Code    72  event_groups.o(i.xEventGroupClearBits)
    xEventGroupCreate                        0x08005e5d   Thumb Code    26  event_groups.o(i.xEventGroupCreate)
    xEventGroupSetBits                       0x08005e79   Thumb Code   186  event_groups.o(i.xEventGroupSetBits)
    xEventGroupWaitBits                      0x08005f95   Thumb Code   294  event_groups.o(i.xEventGroupWaitBits)
    xPortStartScheduler                      0x08006141   Thumb Code   140  port.o(i.xPortStartScheduler)
    xPortSysTickHandler                      0x080061e1   Thumb Code    46  port.o(i.xPortSysTickHandler)
    xQueueCreateCountingSemaphore            0x08006215   Thumb Code    72  queue.o(i.xQueueCreateCountingSemaphore)
    xQueueGenericCreate                      0x080062a1   Thumb Code    78  queue.o(i.xQueueGenericCreate)
    xQueueGenericReceive                     0x08006329   Thumb Code   416  queue.o(i.xQueueGenericReceive)
    xQueueGenericReset                       0x080064f1   Thumb Code   136  queue.o(i.xQueueGenericReset)
    xQueueGenericSend                        0x08006599   Thumb Code   412  queue.o(i.xQueueGenericSend)
    xQueueGenericSendFromISR                 0x08006761   Thumb Code   234  queue.o(i.xQueueGenericSendFromISR)
    xTaskCheckForTimeOut                     0x08006871   Thumb Code   116  tasks.o(i.xTaskCheckForTimeOut)
    xTaskCreate                              0x0800691d   Thumb Code    96  tasks.o(i.xTaskCreate)
    xTaskGetSchedulerState                   0x0800697d   Thumb Code    24  tasks.o(i.xTaskGetSchedulerState)
    xTaskGetTickCount                        0x0800699d   Thumb Code     6  tasks.o(i.xTaskGetTickCount)
    xTaskIncrementTick                       0x080069a9   Thumb Code   274  tasks.o(i.xTaskIncrementTick)
    xTaskPriorityDisinherit                  0x08006b29   Thumb Code   168  tasks.o(i.xTaskPriorityDisinherit)
    xTaskRemoveFromEventList                 0x08006c21   Thumb Code   122  tasks.o(i.xTaskRemoveFromEventList)
    xTaskRemoveFromUnorderedEventList        0x08006cd9   Thumb Code   134  tasks.o(i.xTaskRemoveFromUnorderedEventList)
    xTaskResumeAll                           0x08006db9   Thumb Code   214  tasks.o(i.xTaskResumeAll)
    xTimerCreateTimerTask                    0x08006ee1   Thumb Code    54  timers.o(i.xTimerCreateTimerTask)
    xTimerGenericCommand                     0x08006f4d   Thumb Code   118  timers.o(i.xTimerGenericCommand)
    asc2_0608                                0x08006fe8   Data         570  font.o(.constdata)
    asc2_0612                                0x08007222   Data        1140  font.o(.constdata)
    asc2_1224                                0x08007696   Data        3420  font.o(.constdata)
    font_1212                                0x080083f2   Data        3840  font.o(.constdata)
    font_2424                                0x080092f2   Data         432  font.o(.constdata)
    bmp_logo                                 0x080094a2   Data         240  font.o(.constdata)
    bmp_rssi                                 0x08009592   Data         432  font.o(.constdata)
    bmp_battery                              0x08009742   Data         260  font.o(.constdata)
    bmp_lock                                 0x08009846   Data         240  font.o(.constdata)
    bmp_flightMode                           0x08009936   Data         240  font.o(.constdata)
    bmp_remoter2fly                          0x08009a26   Data          96  font.o(.constdata)
    Region$$Table$$Base                      0x08009d90   Number         0  anon$$obj.o(Region$$Table)
    Region$$Table$$Limit                     0x08009db0   Number         0  anon$$obj.o(Region$$Table)
    SnakeEvent                               0x20000010   Data           4  main.o(.data)
    Semaphore_Score                          0x20000014   Data           4  main.o(.data)
    SystemCoreClock                          0x20000018   Data           4  system_stm32f10x.o(.data)
    AHBPrescTable                            0x2000001c   Data          16  system_stm32f10x.o(.data)
    pxCurrentTCB                             0x20000074   Data           4  tasks.o(.data)
    GameMap                                  0x200000b0   Data        6324  app_game.o(.bss)
    adc_value                                0x20001d64   Data         100  adc.o(.bss)
    xQueueRegistry                           0x20004640   Data          64  queue.o(.bss)
    __initial_sp                             0x20004d68   Data           0  startup_stm32f10x_md.o(STACK)



==============================================================================

Memory Map of the image

  Image Entry point : 0x080024ed

  Load Region LR_IROM1 (Base: 0x08002400, Size: 0x00007a60, Max: 0x0001dc00, ABSOLUTE)

    Execution Region ER_IROM1 (Base: 0x08002400, Size: 0x000079b0, Max: 0x0001dc00, ABSOLUTE)

    Base Addr    Size         Type   Attr      Idx    E Section Name        Object

    0x08002400   0x000000ec   Data   RO         3322    RESET               startup_stm32f10x_md.o
    0x080024ec   0x00000000   Code   RO         3327  * .ARM.Collect$$$$00000000  mc_w.l(entry.o)
    0x080024ec   0x00000004   Code   RO         3366    .ARM.Collect$$$$00000001  mc_w.l(entry2.o)
    0x080024f0   0x00000004   Code   RO         3369    .ARM.Collect$$$$00000004  mc_w.l(entry5.o)
    0x080024f4   0x00000000   Code   RO         3371    .ARM.Collect$$$$00000008  mc_w.l(entry7b.o)
    0x080024f4   0x00000000   Code   RO         3373    .ARM.Collect$$$$0000000A  mc_w.l(entry8b.o)
    0x080024f4   0x00000008   Code   RO         3374    .ARM.Collect$$$$0000000B  mc_w.l(entry9a.o)
    0x080024fc   0x00000000   Code   RO         3376    .ARM.Collect$$$$0000000D  mc_w.l(entry10a.o)
    0x080024fc   0x00000000   Code   RO         3378    .ARM.Collect$$$$0000000F  mc_w.l(entry11a.o)
    0x080024fc   0x00000004   Code   RO         3367    .ARM.Collect$$$$00002712  mc_w.l(entry2.o)
    0x08002500   0x00000096   Code   RO         1351    .emb_text           port.o
    0x08002596   0x00000002   PAD
    0x08002598   0x00000024   Code   RO         3323    .text               startup_stm32f10x_md.o
    0x080025bc   0x00000024   Code   RO         3330    .text               mc_w.l(memcpya.o)
    0x080025e0   0x00000024   Code   RO         3382    .text               mc_w.l(init.o)
    0x08002604   0x00000016   Code   RO         2660    i.ADC_Cmd           stm32f10x_adc.o
    0x0800261a   0x00000016   Code   RO         2661    i.ADC_DMACmd        stm32f10x_adc.o
    0x08002630   0x0000005c   Code   RO         2662    i.ADC_DeInit        stm32f10x_adc.o
    0x0800268c   0x00000014   Code   RO         2668    i.ADC_GetCalibrationStatus  stm32f10x_adc.o
    0x080026a0   0x00000014   Code   RO         2674    i.ADC_GetResetCalibrationStatus  stm32f10x_adc.o
    0x080026b4   0x00000050   Code   RO         2678    i.ADC_Init          stm32f10x_adc.o
    0x08002704   0x000000b8   Code   RO         2682    i.ADC_RegularChannelConfig  stm32f10x_adc.o
    0x080027bc   0x0000000a   Code   RO         2683    i.ADC_ResetCalibration  stm32f10x_adc.o
    0x080027c6   0x00000016   Code   RO         2685    i.ADC_SoftwareStartConvCmd  stm32f10x_adc.o
    0x080027dc   0x0000000a   Code   RO         2687    i.ADC_StartCalibration  stm32f10x_adc.o
    0x080027e6   0x00000002   PAD
    0x080027e8   0x00000160   Code   RO          722    i.Adc_Init          adc.o
    0x08002948   0x00000004   Code   RO          221    i.BusFault_Handler  stm32f10x_it.o
    0x0800294c   0x000000b8   Code   RO            1    i.CreadTask         main.o
    0x08002a04   0x0000003c   Code   RO            2    i.CreadVar          main.o
    0x08002a40   0x0000008a   Code   RO          463    i.Cread_Snake       app_game.o
    0x08002aca   0x00000018   Code   RO         3076    i.DMA_Cmd           stm32f10x_dma.o
    0x08002ae2   0x00000002   PAD
    0x08002ae4   0x0000014c   Code   RO         3077    i.DMA_DeInit        stm32f10x_dma.o
    0x08002c30   0x0000003c   Code   RO         3082    i.DMA_Init          stm32f10x_dma.o
    0x08002c6c   0x00000002   Code   RO          222    i.DebugMon_Handler  stm32f10x_it.o
    0x08002c6e   0x000000b2   Code   RO          464    i.Draw_Map_Wall     app_game.o
    0x08002d20   0x00000116   Code   RO         2166    i.GPIO_Init         stm32f10x_gpio.o
    0x08002e36   0x00000002   PAD
    0x08002e38   0x00000090   Code   RO         2168    i.GPIO_PinRemapConfig  stm32f10x_gpio.o
    0x08002ec8   0x00000004   Code   RO         2173    i.GPIO_ResetBits    stm32f10x_gpio.o
    0x08002ecc   0x0000002e   Code   RO          947    i.GUI_HLine         lcmdrv.o
    0x08002efa   0x000000ea   Code   RO          845    i.GUI_Line          gui_basic.o
    0x08002fe4   0x00000014   Code   RO          949    i.GUI_Point         lcmdrv.o
    0x08002ff8   0x0000002e   Code   RO          950    i.GUI_RLine         lcmdrv.o
    0x08003026   0x00000062   Code   RO          850    i.GUI_RectangleFill  gui_basic.o
    0x08003088   0x00000072   Code   RO          465    i.Game_Init         app_game.o
    0x080030fa   0x00000002   PAD
    0x080030fc   0x00000014   Code   RO          466    i.Get_Map_Val       app_game.o
    0x08003110   0x00000004   Code   RO          223    i.HardFault_Handler  stm32f10x_it.o
    0x08003114   0x00000018   Code   RO          748    i.IsKeyDown1        bsp_key.o
    0x0800312c   0x00000018   Code   RO          749    i.IsKeyDown2        bsp_key.o
    0x08003144   0x00000018   Code   RO          750    i.IsKeyDown3        bsp_key.o
    0x0800315c   0x00000018   Code   RO          751    i.IsKeyDown4        bsp_key.o
    0x08003174   0x00000066   Code   RO          400    i.JoyToDir          app_joystick.o
    0x080031da   0x00000004   Code   RO          224    i.MemManage_Handler  stm32f10x_it.o
    0x080031de   0x00000002   Code   RO          225    i.NMI_Handler       stm32f10x_it.o
    0x080031e0   0x00000014   Code   RO         2125    i.NVIC_PriorityGroupConfig  misc.o
    0x080031f4   0x00000014   Code   RO         2126    i.NVIC_SetVectorTable  misc.o
    0x08003208   0x00000018   Code   RO         2274    i.RCC_ADCCLKConfig  stm32f10x_rcc.o
    0x08003220   0x00000020   Code   RO         2275    i.RCC_AHBPeriphClockCmd  stm32f10x_rcc.o
    0x08003240   0x00000020   Code   RO         2276    i.RCC_APB1PeriphClockCmd  stm32f10x_rcc.o
    0x08003260   0x00000020   Code   RO         2278    i.RCC_APB2PeriphClockCmd  stm32f10x_rcc.o
    0x08003280   0x00000020   Code   RO         2279    i.RCC_APB2PeriphResetCmd  stm32f10x_rcc.o
    0x080032a0   0x00000018   Code   RO         2881    i.SPI_Cmd           stm32f10x_spi.o
    0x080032b8   0x00000012   Code   RO         2889    i.SPI_I2S_GetFlagStatus  stm32f10x_spi.o
    0x080032ca   0x00000004   Code   RO         2893    i.SPI_I2S_SendData  stm32f10x_spi.o
    0x080032ce   0x0000003c   Code   RO         2894    i.SPI_Init          stm32f10x_spi.o
    0x0800330a   0x00000002   PAD
    0x0800330c   0x00000020   Code   RO          619    i.SPI_WByte         oled.o
    0x0800332c   0x00000008   Code   RO          292    i.SetSysClock       system_stm32f10x.o
    0x08003334   0x000000e0   Code   RO          293    i.SetSysClockTo72   system_stm32f10x.o
    0x08003414   0x00000014   Code   RO          467    i.Set_Map_Val       app_game.o
    0x08003428   0x000002d4   Code   RO          468    i.Snake_Run         app_game.o
    0x080036fc   0x00000028   Code   RO         2128    i.SysTick_CLKSourceConfig  misc.o
    0x08003724   0x00000010   Code   RO          326    i.SysTick_Handler   delay.o
    0x08003734   0x00000060   Code   RO          295    i.SystemInit        system_stm32f10x.o
    0x08003794   0x00000108   Code   RO          514    i.Task_CreadFood    app_display.o
    0x0800389c   0x00000198   Code   RO          515    i.Task_Dsiplay      app_display.o
    0x08003a34   0x00000090   Code   RO          516    i.Task_Key          app_display.o
    0x08003ac4   0x00000030   Code   RO          517    i.Task_Led          app_display.o
    0x08003af4   0x00000004   Code   RO          226    i.UsageFault_Handler  stm32f10x_it.o
    0x08003af8   0x0000000e   Code   RO         3386    i.__scatterload_copy  mc_w.l(handlers.o)
    0x08003b06   0x00000002   Code   RO         3387    i.__scatterload_null  mc_w.l(handlers.o)
    0x08003b08   0x0000000e   Code   RO         3388    i.__scatterload_zeroinit  mc_w.l(handlers.o)
    0x08003b16   0x00000004   Code   RO          550    i.assertFail        debug_assert.o
    0x08003b1a   0x00000002   PAD
    0x08003b1c   0x000000cc   Code   RO          753    i.bsp_DetectKey     bsp_key.o
    0x08003be8   0x00000034   Code   RO          754    i.bsp_GetKey        bsp_key.o
    0x08003c1c   0x0000000c   Code   RO          757    i.bsp_InitKey       bsp_key.o
    0x08003c28   0x00000064   Code   RO          758    i.bsp_InitKeyHard   bsp_key.o
    0x08003c8c   0x00000070   Code   RO          759    i.bsp_InitKeyVar    bsp_key.o
    0x08003cfc   0x00000016   Code   RO          760    i.bsp_KeyScan       bsp_key.o
    0x08003d12   0x00000002   PAD
    0x08003d14   0x00000020   Code   RO          761    i.bsp_PutKey        bsp_key.o
    0x08003d34   0x0000005c   Code   RO          327    i.delay_init        delay.o
    0x08003d90   0x00000040   Code   RO          328    i.delay_ms          delay.o
    0x08003dd0   0x00000048   Code   RO          329    i.delay_us          delay.o
    0x08003e18   0x0000003c   Code   RO         1814    i.eTaskConfirmSleepModeStatus  tasks.o
    0x08003e54   0x00000030   Code   RO          723    i.getAdcValue       adc.o
    0x08003e84   0x00000050   Code   RO          607    i.ledInit           led.o
    0x08003ed4   0x00000038   Code   RO            3    i.main              main.o
    0x08003f0c   0x00000016   Code   RO          620    i.mypow             oled.o
    0x08003f22   0x00000002   PAD
    0x08003f24   0x00000190   Code   RO          621    i.oledInit          oled.o
    0x080040b4   0x00000030   Code   RO          622    i.oled_clear        oled.o
    0x080040e4   0x00000068   Code   RO          625    i.oled_drawPoint    oled.o
    0x0800414c   0x0000004c   Code   RO          628    i.oled_refreshGram  oled.o
    0x08004198   0x00000114   Code   RO          629    i.oled_showChar     oled.o
    0x080042ac   0x0000008a   Code   RO          630    i.oled_showNum      oled.o
    0x08004336   0x0000005c   Code   RO          632    i.oled_showString   oled.o
    0x08004392   0x00000002   PAD
    0x08004394   0x00000024   Code   RO          633    i.oled_wr_byte      oled.o
    0x080043b8   0x00000098   Code   RO         1816    i.prvAddCurrentTaskToDelayedList  tasks.o
    0x08004450   0x000000b4   Code   RO         1817    i.prvAddNewTaskToReadyList  tasks.o
    0x08004504   0x00000064   Code   RO         1211    i.prvCheckForValidListAndQueue  timers.o
    0x08004568   0x00000064   Code   RO         1818    i.prvCheckTasksWaitingTermination  tasks.o
    0x080045cc   0x0000002a   Code   RO         1612    i.prvCopyDataFromQueue  queue.o
    0x080045f6   0x0000007c   Code   RO         1613    i.prvCopyDataToQueue  queue.o
    0x08004672   0x00000012   Code   RO         1819    i.prvDeleteTCB      tasks.o
    0x08004684   0x0000004c   Code   RO         1820    i.prvGetExpectedIdleTime  tasks.o
    0x080046d0   0x00000028   Code   RO         1212    i.prvGetNextExpireTime  timers.o
    0x080046f8   0x0000007c   Code   RO         1435    i.prvHeapInit       heap_4.o
    0x08004774   0x0000008c   Code   RO         1821    i.prvIdleTask       tasks.o
    0x08004800   0x0000002a   Code   RO         1615    i.prvInitialiseNewQueue  queue.o
    0x0800482a   0x00000002   PAD
    0x0800482c   0x000000b8   Code   RO         1822    i.prvInitialiseNewTask  tasks.o
    0x080048e4   0x00000068   Code   RO         1823    i.prvInitialiseTaskLists  tasks.o
    0x0800494c   0x00000068   Code   RO         1436    i.prvInsertBlockIntoFreeList  heap_4.o
    0x080049b4   0x00000058   Code   RO         1214    i.prvInsertTimerInActiveList  timers.o
    0x08004a0c   0x0000001a   Code   RO         1616    i.prvIsQueueEmpty   queue.o
    0x08004a26   0x0000001e   Code   RO         1617    i.prvIsQueueFull    queue.o
    0x08004a44   0x000000a8   Code   RO         1618    i.prvNotifyQueueSetContainer  queue.o
    0x08004aec   0x00000078   Code   RO         1215    i.prvProcessExpiredTimer  timers.o
    0x08004b64   0x00000158   Code   RO         1216    i.prvProcessReceivedCommands  timers.o
    0x08004cbc   0x00000074   Code   RO         1217    i.prvProcessTimerOrBlockTask  timers.o
    0x08004d30   0x00000034   Code   RO         1824    i.prvResetNextTaskUnblockTime  tasks.o
    0x08004d64   0x0000002c   Code   RO         1218    i.prvSampleTimeNow  timers.o
    0x08004d90   0x000000b4   Code   RO         1219    i.prvSwitchTimerLists  timers.o
    0x08004e44   0x0000007c   Code   RO         1352    i.prvTaskExitError  port.o
    0x08004ec0   0x0000001e   Code   RO         1494    i.prvTestWaitCondition  event_groups.o
    0x08004ede   0x0000001a   Code   RO         1220    i.prvTimerTask      timers.o
    0x08004ef8   0x00000092   Code   RO         1619    i.prvUnlockQueue    queue.o
    0x08004f8a   0x00000002   PAD
    0x08004f8c   0x0000017c   Code   RO         1437    i.pvPortMalloc      heap_4.o
    0x08005108   0x00000020   Code   RO         1826    i.pvTaskIncrementMutexHeldCount  tasks.o
    0x08005128   0x00000024   Code   RO         1353    i.pxPortInitialiseStack  port.o
    0x0800514c   0x00000028   Code   RO         1575    i.uxListRemove      list.o
    0x08005174   0x0000003c   Code   RO         1620    i.uxQueueMessagesWaiting  queue.o
    0x080051b0   0x0000001c   Code   RO         1829    i.uxTaskResetEventItemValue  tasks.o
    0x080051cc   0x00000016   Code   RO          563    i.vApplicationStackOverflowHook  freertosdebug.o
    0x080051e2   0x0000001a   Code   RO         1576    i.vListInitialise   list.o
    0x080051fc   0x00000006   Code   RO         1577    i.vListInitialiseItem  list.o
    0x08005202   0x00000034   Code   RO         1578    i.vListInsert       list.o
    0x08005236   0x00000018   Code   RO         1579    i.vListInsertEnd    list.o
    0x0800524e   0x00000002   PAD
    0x08005250   0x000000b0   Code   RO         1355    i.vPortEnterCritical  port.o
    0x08005300   0x00000074   Code   RO         1356    i.vPortExitCritical  port.o
    0x08005374   0x000000fc   Code   RO         1438    i.vPortFree         heap_4.o
    0x08005470   0x0000005c   Code   RO         1357    i.vPortSetupTimerInterrupt  port.o
    0x080054cc   0x0000014c   Code   RO         1358    i.vPortSuppressTicksAndSleep  port.o
    0x08005618   0x000000c0   Code   RO         1359    i.vPortValidateInterruptPriority  port.o
    0x080056d8   0x0000002c   Code   RO         1623    i.vQueueAddToRegistry  queue.o
    0x08005704   0x00000040   Code   RO         1624    i.vQueueDelete      queue.o
    0x08005744   0x00000030   Code   RO         1625    i.vQueueUnregisterQueue  queue.o
    0x08005774   0x0000004a   Code   RO         1626    i.vQueueWaitForMessageRestricted  queue.o
    0x080057be   0x00000002   PAD
    0x080057c0   0x00000080   Code   RO         1830    i.vTaskDelay        tasks.o
    0x08005840   0x00000114   Code   RO         1831    i.vTaskDelayUntil   tasks.o
    0x08005954   0x0000000c   Code   RO         1834    i.vTaskMissedYield  tasks.o
    0x08005960   0x00000050   Code   RO         1836    i.vTaskPlaceOnEventList  tasks.o
    0x080059b0   0x00000058   Code   RO         1837    i.vTaskPlaceOnEventListRestricted  tasks.o
    0x08005a08   0x00000094   Code   RO         1838    i.vTaskPlaceOnUnorderedEventList  tasks.o
    0x08005a9c   0x000000b0   Code   RO         1839    i.vTaskPriorityInherit  tasks.o
    0x08005b4c   0x00000048   Code   RO         1841    i.vTaskSetTimeOutState  tasks.o
    0x08005b94   0x000000d0   Code   RO         1842    i.vTaskStartScheduler  tasks.o
    0x08005c64   0x00000088   Code   RO         1843    i.vTaskStepTick     tasks.o
    0x08005cec   0x00000010   Code   RO         1845    i.vTaskSuspendAll   tasks.o
    0x08005cfc   0x000000b8   Code   RO         1846    i.vTaskSwitchContext  tasks.o
    0x08005db4   0x000000a8   Code   RO         1498    i.xEventGroupClearBits  event_groups.o
    0x08005e5c   0x0000001a   Code   RO         1499    i.xEventGroupCreate  event_groups.o
    0x08005e76   0x00000002   PAD
    0x08005e78   0x0000011c   Code   RO         1501    i.xEventGroupSetBits  event_groups.o
    0x08005f94   0x000001ac   Code   RO         1503    i.xEventGroupWaitBits  event_groups.o
    0x08006140   0x000000a0   Code   RO         1360    i.xPortStartScheduler  port.o
    0x080061e0   0x00000034   Code   RO         1361    i.xPortSysTickHandler  port.o
    0x08006214   0x0000008c   Code   RO         1628    i.xQueueCreateCountingSemaphore  queue.o
    0x080062a0   0x00000088   Code   RO         1631    i.xQueueGenericCreate  queue.o
    0x08006328   0x000001c8   Code   RO         1632    i.xQueueGenericReceive  queue.o
    0x080064f0   0x000000a8   Code   RO         1633    i.xQueueGenericReset  queue.o
    0x08006598   0x000001c8   Code   RO         1634    i.xQueueGenericSend  queue.o
    0x08006760   0x00000110   Code   RO         1635    i.xQueueGenericSendFromISR  queue.o
    0x08006870   0x000000ac   Code   RO         1847    i.xTaskCheckForTimeOut  tasks.o
    0x0800691c   0x00000060   Code   RO         1848    i.xTaskCreate       tasks.o
    0x0800697c   0x00000020   Code   RO         1852    i.xTaskGetSchedulerState  tasks.o
    0x0800699c   0x0000000c   Code   RO         1853    i.xTaskGetTickCount  tasks.o
    0x080069a8   0x00000180   Code   RO         1855    i.xTaskIncrementTick  tasks.o
    0x08006b28   0x000000f8   Code   RO         1858    i.xTaskPriorityDisinherit  tasks.o
    0x08006c20   0x000000b8   Code   RO         1859    i.xTaskRemoveFromEventList  tasks.o
    0x08006cd8   0x000000e0   Code   RO         1860    i.xTaskRemoveFromUnorderedEventList  tasks.o
    0x08006db8   0x00000128   Code   RO         1861    i.xTaskResumeAll    tasks.o
    0x08006ee0   0x0000006c   Code   RO         1224    i.xTimerCreateTimerTask  timers.o
    0x08006f4c   0x0000009c   Code   RO         1225    i.xTimerGenericCommand  timers.o
    0x08006fe8   0x00002a9e   Data   RO         1201    .constdata          font.o
    0x08009a86   0x00000002   PAD
    0x08009a88   0x00000042   Data   RO         1362    .conststring        port.o
    0x08009aca   0x00000002   PAD
    0x08009acc   0x0000008a   Data   RO         1443    .conststring        heap_4.o
    0x08009b56   0x00000002   PAD
    0x08009b58   0x00000056   Data   RO         1504    .conststring        event_groups.o
    0x08009bae   0x00000002   PAD
    0x08009bb0   0x0000012b   Data   RO         1645    .conststring        queue.o
    0x08009cdb   0x00000001   PAD
    0x08009cdc   0x000000b3   Data   RO         1864    .conststring        tasks.o
    0x08009d8f   0x00000001   PAD
    0x08009d90   0x00000020   Data   RO         3384    Region$$Table       anon$$obj.o


    Execution Region RW_IRAM1 (Base: 0x20000000, Size: 0x00004d68, Max: 0x00005000, ABSOLUTE)

    Base Addr    Size         Type   Attr      Idx    E Section Name        Object

    0x20000000   0x00000018   Data   RW            4    .data               main.o
    0x20000018   0x00000014   Data   RW          296    .data               system_stm32f10x.o
    0x2000002c   0x00000004   Data   RW          331    .data               delay.o
    0x20000030   0x00000014   Data   RW         1233    .data               timers.o
    0x20000044   0x00000018   Data   RW         1363    .data               port.o
    0x2000005c   0x00000018   Data   RW         1444    .data               heap_4.o
    0x20000074   0x0000003c   Data   RW         1865    .data               tasks.o
    0x200000b0   0x000018b4   Zero   RW          469    .bss                app_game.o
    0x20001964   0x00000400   Zero   RW          634    .bss                oled.o
    0x20001d64   0x00000064   Zero   RW          724    .bss                adc.o
    0x20001dc8   0x0000004d   Zero   RW          763    .bss                bsp_key.o
    0x20001e15   0x00000003   PAD
    0x20001e18   0x00000028   Zero   RW         1232    .bss                timers.o
    0x20001e40   0x00002800   Zero   RW         1442    .bss                heap_4.o
    0x20004640   0x00000040   Zero   RW         1644    .bss                queue.o
    0x20004680   0x000002e4   Zero   RW         1863    .bss                tasks.o
    0x20004964   0x00000004   PAD
    0x20004968   0x00000400   Zero   RW         3320    STACK               startup_stm32f10x_md.o


==============================================================================

Image component sizes


      Code (inc. data)   RO Data    RW Data    ZI Data      Debug   Object Name

       400         26          0          0        100       1769   adc.o
       864         70          0          0          0       2786   app_display.o
      1194         18          0          0       6324       5474   app_game.o
       102          0          0          0          0        687   app_joystick.o
       630         76          0          0         77       5778   bsp_key.o
         0          0          0          0          0       1472   bsp_list.o
         4          0          0          0          0        445   debug_assert.o
       244         26          0          4          0       2153   delay.o
       936        328         86          0          0      13262   event_groups.o
         0          0      10910          0          0       1062   font.o
        22          0          0          0          0       6296   freertosdebug.o
       332          0          0          0          0       1779   gui_basic.o
       860        282        138         24      10240       3639   heap_4.o
       112          0          0          0          0       1716   lcmdrv.o
        80         10          0          0          0        470   led.o
       148          0          0          0          0       2834   list.o
       300        100          0         24          0     262235   main.o
        80         18          0          0          0       1483   misc.o
      1224         58          0          0       1024       6804   oled.o
      1430        430         66         24          0      11018   port.o
      2496        392        299          0         64      14129   queue.o
        36          8        236          0       1024        768   startup_stm32f10x_md.o
       482         24          0          0          0       7574   stm32f10x_adc.o
       416          8          0          0          0       3302   stm32f10x_dma.o
       426          6          0          0          0       3195   stm32f10x_gpio.o
        20          0          0          0          0       2297   stm32f10x_it.o
       152         30          0          0          0       2662   stm32f10x_rcc.o
       106          0          0          0          0       3128   stm32f10x_spi.o
         0          0          0          0          0         32   sys.o
       328         28          0         20          0       1937   system_stm32f10x.o
      4298       1346        179         60        740      30854   tasks.o
      1322        326          0         20         40       7863   timers.o

    ----------------------------------------------------------------------
     19074       3610      11956        176      19640     410903   Object Totals
         0          0         32          0          0          0   (incl. Generated)
        30          0         10          0          7          0   (incl. Padding)

    ----------------------------------------------------------------------

      Code (inc. data)   RO Data    RW Data    ZI Data      Debug   Library Member Name

         0          0          0          0          0          0   entry.o
         0          0          0          0          0          0   entry10a.o
         0          0          0          0          0          0   entry11a.o
         8          4          0          0          0          0   entry2.o
         4          0          0          0          0          0   entry5.o
         0          0          0          0          0          0   entry7b.o
         0          0          0          0          0          0   entry8b.o
         8          4          0          0          0          0   entry9a.o
        30          0          0          0          0          0   handlers.o
        36          8          0          0          0         68   init.o
        36          0          0          0          0         68   memcpya.o

    ----------------------------------------------------------------------
       122         16          0          0          0        136   Library Totals
         0          0          0          0          0          0   (incl. Padding)

    ----------------------------------------------------------------------

      Code (inc. data)   RO Data    RW Data    ZI Data      Debug   Library Name

       122         16          0          0          0        136   mc_w.l

    ----------------------------------------------------------------------
       122         16          0          0          0        136   Library Totals

    ----------------------------------------------------------------------

==============================================================================


      Code (inc. data)   RO Data    RW Data    ZI Data      Debug   

     19196       3626      11956        176      19640     402455   Grand Totals
     19196       3626      11956        176      19640     402455   ELF Image Totals
     19196       3626      11956        176          0          0   ROM Totals

==============================================================================

    Total RO  Size (Code + RO Data)                31152 (  30.42kB)
    Total RW  Size (RW Data + ZI Data)             19816 (  19.35kB)
    Total ROM Size (Code + RO Data + RW Data)      31328 (  30.59kB)

==============================================================================

